
===========================================================================
report_checks -path_delay max (Setup)
============================================================================
======================= Typical Corner ===================================

Startpoint: A[2] (input port clocked by __VIRTUAL_CLK__)
Endpoint: out[7] (output port clocked by __VIRTUAL_CLK__)
Path Group: __VIRTUAL_CLK__
Path Type: max

Fanout     Cap    Slew   Delay    Time   Description
-----------------------------------------------------------------------------
                  0.00    0.00    0.00   clock __VIRTUAL_CLK__ (rise edge)
                          0.00    0.00   clock network delay (ideal)
                          2.00    2.00 v input external delay
     1    0.01    0.02    0.01    2.01 v A[2] (in)
                                         A[2] (net)
                  0.02    0.00    2.01 v input3/A (sky130_fd_sc_hd__buf_12)
     4    0.01    0.03    0.12    2.13 v input3/X (sky130_fd_sc_hd__buf_12)
                                         net3 (net)
                  0.03    0.00    2.13 v rebuffer25/A (sky130_fd_sc_hd__dlymetal6s2s_1)
     2    0.02    0.11    0.20    2.34 v rebuffer25/X (sky130_fd_sc_hd__dlymetal6s2s_1)
                                         net57 (net)
                  0.11    0.00    2.34 v _324_/A1 (sky130_fd_sc_hd__a22oi_4)
     2    0.03    0.26    0.30    2.64 ^ _324_/Y (sky130_fd_sc_hd__a22oi_4)
                                         _004_ (net)
                  0.26    0.00    2.64 ^ rebuffer7/A (sky130_fd_sc_hd__buf_6)
     2    0.00    0.03    0.14    2.79 ^ rebuffer7/X (sky130_fd_sc_hd__buf_6)
                                         net39 (net)
                  0.03    0.00    2.79 ^ rebuffer8/A (sky130_fd_sc_hd__dlymetal6s2s_1)
     1    0.02    0.19    0.19    2.98 ^ rebuffer8/X (sky130_fd_sc_hd__dlymetal6s2s_1)
                                         net40 (net)
                  0.19    0.00    2.98 ^ _326_/A2 (sky130_fd_sc_hd__o21ai_4)
     2    0.02    0.07    0.11    3.09 v _326_/Y (sky130_fd_sc_hd__o21ai_4)
                                         _006_ (net)
                  0.07    0.00    3.09 v _330_/A2 (sky130_fd_sc_hd__a21o_2)
     2    0.02    0.08    0.28    3.37 v _330_/X (sky130_fd_sc_hd__a21o_2)
                                         _010_ (net)
                  0.08    0.00    3.37 v _331_/B (sky130_fd_sc_hd__and2b_2)
     1    0.02    0.07    0.26    3.64 v _331_/X (sky130_fd_sc_hd__and2b_2)
                                         _011_ (net)
                  0.07    0.00    3.64 v _332_/A (sky130_fd_sc_hd__xnor2_4)
     2    0.04    0.31    0.33    3.97 ^ _332_/Y (sky130_fd_sc_hd__xnor2_4)
                                         _012_ (net)
                  0.31    0.01    3.97 ^ _333_/A (sky130_fd_sc_hd__nand2_4)
     3    0.03    0.12    0.15    4.12 v _333_/Y (sky130_fd_sc_hd__nand2_4)
                                         _013_ (net)
                  0.12    0.00    4.13 v _359_/A_N (sky130_fd_sc_hd__nand3b_4)
     4    0.05    0.18    0.30    4.42 v _359_/Y (sky130_fd_sc_hd__nand3b_4)
                                         _038_ (net)
                  0.18    0.00    4.42 v _438_/A1 (sky130_fd_sc_hd__a2111oi_4)
     2    0.01    0.34    0.43    4.85 ^ _438_/Y (sky130_fd_sc_hd__a2111oi_4)
                                         _115_ (net)
                  0.34    0.00    4.85 ^ rebuffer4/A (sky130_fd_sc_hd__buf_6)
     1    0.01    0.04    0.17    5.02 ^ rebuffer4/X (sky130_fd_sc_hd__buf_6)
                                         net36 (net)
                  0.04    0.00    5.02 ^ _497_/B1 (sky130_fd_sc_hd__a21oi_4)
     1    0.02    0.07    0.04    5.06 v _497_/Y (sky130_fd_sc_hd__a21oi_4)
                                         _173_ (net)
                  0.07    0.00    5.06 v _498_/A1 (sky130_fd_sc_hd__o21a_1)
     1    0.01    0.06    0.23    5.29 v _498_/X (sky130_fd_sc_hd__o21a_1)
                                         _174_ (net)
                  0.06    0.00    5.29 v _503_/A3 (sky130_fd_sc_hd__o32a_4)
     1    0.02    0.08    0.37    5.66 v _503_/X (sky130_fd_sc_hd__o32a_4)
                                         net27 (net)
                  0.08    0.00    5.67 v output27/A (sky130_fd_sc_hd__buf_8)
     1    0.03    0.04    0.16    5.83 v output27/X (sky130_fd_sc_hd__buf_8)
                                         out[7] (net)
                  0.04    0.00    5.83 v out[7] (out)
                                  5.83   data arrival time

                  0.00   10.00   10.00   clock __VIRTUAL_CLK__ (rise edge)
                          0.00   10.00   clock network delay (ideal)
                         -0.25    9.75   clock uncertainty
                          0.00    9.75   clock reconvergence pessimism
                         -2.00    7.75   output external delay
                                  7.75   data required time
-----------------------------------------------------------------------------
                                  7.75   data required time
                                 -5.83   data arrival time
-----------------------------------------------------------------------------
                                  1.92   slack (MET)


Startpoint: A[2] (input port clocked by __VIRTUAL_CLK__)
Endpoint: out[6] (output port clocked by __VIRTUAL_CLK__)
Path Group: __VIRTUAL_CLK__
Path Type: max

Fanout     Cap    Slew   Delay    Time   Description
-----------------------------------------------------------------------------
                  0.00    0.00    0.00   clock __VIRTUAL_CLK__ (rise edge)
                          0.00    0.00   clock network delay (ideal)
                          2.00    2.00 v input external delay
     1    0.01    0.02    0.01    2.01 v A[2] (in)
                                         A[2] (net)
                  0.02    0.00    2.01 v input3/A (sky130_fd_sc_hd__buf_12)
     4    0.01    0.03    0.12    2.13 v input3/X (sky130_fd_sc_hd__buf_12)
                                         net3 (net)
                  0.03    0.00    2.13 v rebuffer25/A (sky130_fd_sc_hd__dlymetal6s2s_1)
     2    0.02    0.11    0.20    2.34 v rebuffer25/X (sky130_fd_sc_hd__dlymetal6s2s_1)
                                         net57 (net)
                  0.11    0.00    2.34 v _324_/A1 (sky130_fd_sc_hd__a22oi_4)
     2    0.03    0.26    0.30    2.64 ^ _324_/Y (sky130_fd_sc_hd__a22oi_4)
                                         _004_ (net)
                  0.26    0.00    2.64 ^ rebuffer7/A (sky130_fd_sc_hd__buf_6)
     2    0.00    0.03    0.14    2.79 ^ rebuffer7/X (sky130_fd_sc_hd__buf_6)
                                         net39 (net)
                  0.03    0.00    2.79 ^ rebuffer8/A (sky130_fd_sc_hd__dlymetal6s2s_1)
     1    0.02    0.19    0.19    2.98 ^ rebuffer8/X (sky130_fd_sc_hd__dlymetal6s2s_1)
                                         net40 (net)
                  0.19    0.00    2.98 ^ _326_/A2 (sky130_fd_sc_hd__o21ai_4)
     2    0.02    0.07    0.11    3.09 v _326_/Y (sky130_fd_sc_hd__o21ai_4)
                                         _006_ (net)
                  0.07    0.00    3.09 v _330_/A2 (sky130_fd_sc_hd__a21o_2)
     2    0.02    0.08    0.28    3.37 v _330_/X (sky130_fd_sc_hd__a21o_2)
                                         _010_ (net)
                  0.08    0.00    3.37 v _331_/B (sky130_fd_sc_hd__and2b_2)
     1    0.02    0.07    0.26    3.64 v _331_/X (sky130_fd_sc_hd__and2b_2)
                                         _011_ (net)
                  0.07    0.00    3.64 v _332_/A (sky130_fd_sc_hd__xnor2_4)
     2    0.04    0.31    0.33    3.97 ^ _332_/Y (sky130_fd_sc_hd__xnor2_4)
                                         _012_ (net)
                  0.31    0.01    3.97 ^ _333_/A (sky130_fd_sc_hd__nand2_4)
     3    0.03    0.12    0.15    4.12 v _333_/Y (sky130_fd_sc_hd__nand2_4)
                                         _013_ (net)
                  0.12    0.00    4.13 v _359_/A_N (sky130_fd_sc_hd__nand3b_4)
     4    0.05    0.18    0.30    4.42 v _359_/Y (sky130_fd_sc_hd__nand3b_4)
                                         _038_ (net)
                  0.18    0.00    4.42 v _438_/A1 (sky130_fd_sc_hd__a2111oi_4)
     2    0.01    0.34    0.43    4.85 ^ _438_/Y (sky130_fd_sc_hd__a2111oi_4)
                                         _115_ (net)
                  0.34    0.00    4.85 ^ wire29/A (sky130_fd_sc_hd__buf_2)
     2    0.02    0.09    0.23    5.08 ^ wire29/X (sky130_fd_sc_hd__buf_2)
                                         net29 (net)
                  0.09    0.00    5.08 ^ wire28/A (sky130_fd_sc_hd__clkbuf_2)
     1    0.02    0.09    0.16    5.24 ^ wire28/X (sky130_fd_sc_hd__clkbuf_2)
                                         net28 (net)
                  0.09    0.00    5.25 ^ _441_/A (sky130_fd_sc_hd__or2_4)
     1    0.03    0.09    0.18    5.43 ^ _441_/X (sky130_fd_sc_hd__or2_4)
                                         _118_ (net)
                  0.10    0.00    5.43 ^ _453_/B2 (sky130_fd_sc_hd__a22oi_4)
     1    0.03    0.09    0.10    5.53 v _453_/Y (sky130_fd_sc_hd__a22oi_4)
                                         net26 (net)
                  0.09    0.01    5.54 v output26/A (sky130_fd_sc_hd__buf_6)
     1    0.03    0.04    0.17    5.70 v output26/X (sky130_fd_sc_hd__buf_6)
                                         out[6] (net)
                  0.04    0.00    5.70 v out[6] (out)
                                  5.70   data arrival time

                  0.00   10.00   10.00   clock __VIRTUAL_CLK__ (rise edge)
                          0.00   10.00   clock network delay (ideal)
                         -0.25    9.75   clock uncertainty
                          0.00    9.75   clock reconvergence pessimism
                         -2.00    7.75   output external delay
                                  7.75   data required time
-----------------------------------------------------------------------------
                                  7.75   data required time
                                 -5.70   data arrival time
-----------------------------------------------------------------------------
                                  2.05   slack (MET)


Startpoint: A[2] (input port clocked by __VIRTUAL_CLK__)
Endpoint: out[5] (output port clocked by __VIRTUAL_CLK__)
Path Group: __VIRTUAL_CLK__
Path Type: max

Fanout     Cap    Slew   Delay    Time   Description
-----------------------------------------------------------------------------
                  0.00    0.00    0.00   clock __VIRTUAL_CLK__ (rise edge)
                          0.00    0.00   clock network delay (ideal)
                          2.00    2.00 v input external delay
     1    0.01    0.02    0.01    2.01 v A[2] (in)
                                         A[2] (net)
                  0.02    0.00    2.01 v input3/A (sky130_fd_sc_hd__buf_12)
     4    0.01    0.03    0.12    2.13 v input3/X (sky130_fd_sc_hd__buf_12)
                                         net3 (net)
                  0.03    0.00    2.13 v rebuffer25/A (sky130_fd_sc_hd__dlymetal6s2s_1)
     2    0.02    0.11    0.20    2.34 v rebuffer25/X (sky130_fd_sc_hd__dlymetal6s2s_1)
                                         net57 (net)
                  0.11    0.00    2.34 v _324_/A1 (sky130_fd_sc_hd__a22oi_4)
     2    0.03    0.26    0.30    2.64 ^ _324_/Y (sky130_fd_sc_hd__a22oi_4)
                                         _004_ (net)
                  0.26    0.00    2.64 ^ rebuffer7/A (sky130_fd_sc_hd__buf_6)
     2    0.00    0.03    0.14    2.79 ^ rebuffer7/X (sky130_fd_sc_hd__buf_6)
                                         net39 (net)
                  0.03    0.00    2.79 ^ rebuffer8/A (sky130_fd_sc_hd__dlymetal6s2s_1)
     1    0.02    0.19    0.19    2.98 ^ rebuffer8/X (sky130_fd_sc_hd__dlymetal6s2s_1)
                                         net40 (net)
                  0.19    0.00    2.98 ^ _326_/A2 (sky130_fd_sc_hd__o21ai_4)
     2    0.02    0.07    0.11    3.09 v _326_/Y (sky130_fd_sc_hd__o21ai_4)
                                         _006_ (net)
                  0.07    0.00    3.09 v _330_/A2 (sky130_fd_sc_hd__a21o_2)
     2    0.02    0.08    0.28    3.37 v _330_/X (sky130_fd_sc_hd__a21o_2)
                                         _010_ (net)
                  0.08    0.00    3.37 v _331_/B (sky130_fd_sc_hd__and2b_2)
     1    0.02    0.07    0.26    3.64 v _331_/X (sky130_fd_sc_hd__and2b_2)
                                         _011_ (net)
                  0.07    0.00    3.64 v _332_/A (sky130_fd_sc_hd__xnor2_4)
     2    0.04    0.31    0.33    3.97 ^ _332_/Y (sky130_fd_sc_hd__xnor2_4)
                                         _012_ (net)
                  0.31    0.01    3.97 ^ _333_/A (sky130_fd_sc_hd__nand2_4)
     3    0.03    0.12    0.15    4.12 v _333_/Y (sky130_fd_sc_hd__nand2_4)
                                         _013_ (net)
                  0.12    0.00    4.13 v _359_/A_N (sky130_fd_sc_hd__nand3b_4)
     4    0.05    0.18    0.30    4.42 v _359_/Y (sky130_fd_sc_hd__nand3b_4)
                                         _038_ (net)
                  0.18    0.01    4.43 v _403_/A2 (sky130_fd_sc_hd__a21o_4)
     2    0.00    0.03    0.27    4.70 v _403_/X (sky130_fd_sc_hd__a21o_4)
                                         _081_ (net)
                  0.03    0.00    4.70 v _408_/A2 (sky130_fd_sc_hd__a31o_1)
     1    0.00    0.03    0.20    4.90 v _408_/X (sky130_fd_sc_hd__a31o_1)
                                         _086_ (net)
                  0.03    0.00    4.90 v _409_/B1 (sky130_fd_sc_hd__a21oi_1)
     1    0.01    0.23    0.21    5.12 ^ _409_/Y (sky130_fd_sc_hd__a21oi_1)
                                         _087_ (net)
                  0.23    0.00    5.12 ^ _410_/B1 (sky130_fd_sc_hd__a21oi_2)
     1    0.01    0.08    0.09    5.21 v _410_/Y (sky130_fd_sc_hd__a21oi_2)
                                         net25 (net)
                  0.08    0.00    5.21 v output25/A (sky130_fd_sc_hd__buf_2)
     1    0.03    0.09    0.20    5.41 v output25/X (sky130_fd_sc_hd__buf_2)
                                         out[5] (net)
                  0.09    0.00    5.42 v out[5] (out)
                                  5.42   data arrival time

                  0.00   10.00   10.00   clock __VIRTUAL_CLK__ (rise edge)
                          0.00   10.00   clock network delay (ideal)
                         -0.25    9.75   clock uncertainty
                          0.00    9.75   clock reconvergence pessimism
                         -2.00    7.75   output external delay
                                  7.75   data required time
-----------------------------------------------------------------------------
                                  7.75   data required time
                                 -5.42   data arrival time
-----------------------------------------------------------------------------
                                  2.33   slack (MET)


Startpoint: A[2] (input port clocked by __VIRTUAL_CLK__)
Endpoint: out[4] (output port clocked by __VIRTUAL_CLK__)
Path Group: __VIRTUAL_CLK__
Path Type: max

Fanout     Cap    Slew   Delay    Time   Description
-----------------------------------------------------------------------------
                  0.00    0.00    0.00   clock __VIRTUAL_CLK__ (rise edge)
                          0.00    0.00   clock network delay (ideal)
                          2.00    2.00 v input external delay
     1    0.01    0.02    0.01    2.01 v A[2] (in)
                                         A[2] (net)
                  0.02    0.00    2.01 v input3/A (sky130_fd_sc_hd__buf_12)
     4    0.01    0.03    0.12    2.13 v input3/X (sky130_fd_sc_hd__buf_12)
                                         net3 (net)
                  0.03    0.00    2.13 v rebuffer25/A (sky130_fd_sc_hd__dlymetal6s2s_1)
     2    0.02    0.11    0.20    2.34 v rebuffer25/X (sky130_fd_sc_hd__dlymetal6s2s_1)
                                         net57 (net)
                  0.11    0.00    2.34 v _324_/A1 (sky130_fd_sc_hd__a22oi_4)
     2    0.03    0.26    0.30    2.64 ^ _324_/Y (sky130_fd_sc_hd__a22oi_4)
                                         _004_ (net)
                  0.26    0.00    2.64 ^ rebuffer7/A (sky130_fd_sc_hd__buf_6)
     2    0.00    0.03    0.14    2.79 ^ rebuffer7/X (sky130_fd_sc_hd__buf_6)
                                         net39 (net)
                  0.03    0.00    2.79 ^ rebuffer8/A (sky130_fd_sc_hd__dlymetal6s2s_1)
     1    0.02    0.19    0.19    2.98 ^ rebuffer8/X (sky130_fd_sc_hd__dlymetal6s2s_1)
                                         net40 (net)
                  0.19    0.00    2.98 ^ _326_/A2 (sky130_fd_sc_hd__o21ai_4)
     2    0.02    0.07    0.11    3.09 v _326_/Y (sky130_fd_sc_hd__o21ai_4)
                                         _006_ (net)
                  0.07    0.00    3.09 v _330_/A2 (sky130_fd_sc_hd__a21o_2)
     2    0.02    0.08    0.28    3.37 v _330_/X (sky130_fd_sc_hd__a21o_2)
                                         _010_ (net)
                  0.08    0.00    3.37 v _331_/B (sky130_fd_sc_hd__and2b_2)
     1    0.02    0.07    0.26    3.64 v _331_/X (sky130_fd_sc_hd__and2b_2)
                                         _011_ (net)
                  0.07    0.00    3.64 v _332_/A (sky130_fd_sc_hd__xnor2_4)
     2    0.04    0.31    0.33    3.97 ^ _332_/Y (sky130_fd_sc_hd__xnor2_4)
                                         _012_ (net)
                  0.31    0.01    3.97 ^ _333_/A (sky130_fd_sc_hd__nand2_4)
     3    0.03    0.12    0.15    4.12 v _333_/Y (sky130_fd_sc_hd__nand2_4)
                                         _013_ (net)
                  0.12    0.00    4.13 v _359_/A_N (sky130_fd_sc_hd__nand3b_4)
     4    0.05    0.18    0.30    4.42 v _359_/Y (sky130_fd_sc_hd__nand3b_4)
                                         _038_ (net)
                  0.18    0.00    4.42 v _360_/C (sky130_fd_sc_hd__and3_2)
     1    0.02    0.07    0.33    4.75 v _360_/X (sky130_fd_sc_hd__and3_2)
                                         _039_ (net)
                  0.07    0.00    4.75 v _373_/B1 (sky130_fd_sc_hd__o2bb2a_2)
     1    0.02    0.09    0.34    5.09 v _373_/X (sky130_fd_sc_hd__o2bb2a_2)
                                         net24 (net)
                  0.09    0.00    5.09 v output24/A (sky130_fd_sc_hd__buf_2)
     1    0.03    0.09    0.21    5.30 v output24/X (sky130_fd_sc_hd__buf_2)
                                         out[4] (net)
                  0.09    0.00    5.30 v out[4] (out)
                                  5.30   data arrival time

                  0.00   10.00   10.00   clock __VIRTUAL_CLK__ (rise edge)
                          0.00   10.00   clock network delay (ideal)
                         -0.25    9.75   clock uncertainty
                          0.00    9.75   clock reconvergence pessimism
                         -2.00    7.75   output external delay
                                  7.75   data required time
-----------------------------------------------------------------------------
                                  7.75   data required time
                                 -5.30   data arrival time
-----------------------------------------------------------------------------
                                  2.45   slack (MET)


Startpoint: A[2] (input port clocked by __VIRTUAL_CLK__)
Endpoint: out[3] (output port clocked by __VIRTUAL_CLK__)
Path Group: __VIRTUAL_CLK__
Path Type: max

Fanout     Cap    Slew   Delay    Time   Description
-----------------------------------------------------------------------------
                  0.00    0.00    0.00   clock __VIRTUAL_CLK__ (rise edge)
                          0.00    0.00   clock network delay (ideal)
                          2.00    2.00 v input external delay
     1    0.01    0.02    0.01    2.01 v A[2] (in)
                                         A[2] (net)
                  0.02    0.00    2.01 v input3/A (sky130_fd_sc_hd__buf_12)
     4    0.01    0.03    0.12    2.13 v input3/X (sky130_fd_sc_hd__buf_12)
                                         net3 (net)
                  0.03    0.00    2.13 v rebuffer25/A (sky130_fd_sc_hd__dlymetal6s2s_1)
     2    0.02    0.11    0.20    2.34 v rebuffer25/X (sky130_fd_sc_hd__dlymetal6s2s_1)
                                         net57 (net)
                  0.11    0.00    2.34 v _324_/A1 (sky130_fd_sc_hd__a22oi_4)
     2    0.03    0.26    0.30    2.64 ^ _324_/Y (sky130_fd_sc_hd__a22oi_4)
                                         _004_ (net)
                  0.26    0.00    2.64 ^ rebuffer7/A (sky130_fd_sc_hd__buf_6)
     2    0.00    0.03    0.14    2.79 ^ rebuffer7/X (sky130_fd_sc_hd__buf_6)
                                         net39 (net)
                  0.03    0.00    2.79 ^ rebuffer8/A (sky130_fd_sc_hd__dlymetal6s2s_1)
     1    0.02    0.19    0.19    2.98 ^ rebuffer8/X (sky130_fd_sc_hd__dlymetal6s2s_1)
                                         net40 (net)
                  0.19    0.00    2.98 ^ _326_/A2 (sky130_fd_sc_hd__o21ai_4)
     2    0.02    0.07    0.11    3.09 v _326_/Y (sky130_fd_sc_hd__o21ai_4)
                                         _006_ (net)
                  0.07    0.00    3.09 v _330_/A2 (sky130_fd_sc_hd__a21o_2)
     2    0.02    0.08    0.28    3.37 v _330_/X (sky130_fd_sc_hd__a21o_2)
                                         _010_ (net)
                  0.08    0.00    3.37 v _331_/B (sky130_fd_sc_hd__and2b_2)
     1    0.02    0.07    0.26    3.64 v _331_/X (sky130_fd_sc_hd__and2b_2)
                                         _011_ (net)
                  0.07    0.00    3.64 v _332_/A (sky130_fd_sc_hd__xnor2_4)
     2    0.04    0.31    0.33    3.97 ^ _332_/Y (sky130_fd_sc_hd__xnor2_4)
                                         _012_ (net)
                  0.31    0.01    3.97 ^ _333_/A (sky130_fd_sc_hd__nand2_4)
     3    0.03    0.12    0.15    4.12 v _333_/Y (sky130_fd_sc_hd__nand2_4)
                                         _013_ (net)
                  0.12    0.00    4.12 v _338_/A2 (sky130_fd_sc_hd__a31o_1)
     1    0.02    0.09    0.30    4.43 v _338_/X (sky130_fd_sc_hd__a31o_1)
                                         _018_ (net)
                  0.09    0.00    4.43 v _339_/B2 (sky130_fd_sc_hd__o2bb2a_1)
     1    0.00    0.05    0.29    4.72 v _339_/X (sky130_fd_sc_hd__o2bb2a_1)
                                         net23 (net)
                  0.05    0.00    4.72 v output23/A (sky130_fd_sc_hd__buf_2)
     1    0.03    0.09    0.19    4.91 v output23/X (sky130_fd_sc_hd__buf_2)
                                         out[3] (net)
                  0.09    0.00    4.91 v out[3] (out)
                                  4.91   data arrival time

                  0.00   10.00   10.00   clock __VIRTUAL_CLK__ (rise edge)
                          0.00   10.00   clock network delay (ideal)
                         -0.25    9.75   clock uncertainty
                          0.00    9.75   clock reconvergence pessimism
                         -2.00    7.75   output external delay
                                  7.75   data required time
-----------------------------------------------------------------------------
                                  7.75   data required time
                                 -4.91   data arrival time
-----------------------------------------------------------------------------
                                  2.84   slack (MET)


Startpoint: B[1] (input port clocked by __VIRTUAL_CLK__)
Endpoint: out[2] (output port clocked by __VIRTUAL_CLK__)
Path Group: __VIRTUAL_CLK__
Path Type: max

Fanout     Cap    Slew   Delay    Time   Description
-----------------------------------------------------------------------------
                  0.00    0.00    0.00   clock __VIRTUAL_CLK__ (rise edge)
                          0.00    0.00   clock network delay (ideal)
                          2.00    2.00 v input external delay
     1    0.01    0.02    0.01    2.01 v B[1] (in)
                                         B[1] (net)
                  0.02    0.00    2.01 v input10/A (sky130_fd_sc_hd__buf_6)
     5    0.04    0.05    0.13    2.15 v input10/X (sky130_fd_sc_hd__buf_6)
                                         net10 (net)
                  0.05    0.00    2.15 v _266_/A (sky130_fd_sc_hd__buf_12)
     5    0.02    0.03    0.13    2.28 v _266_/X (sky130_fd_sc_hd__buf_12)
                                         _196_ (net)
                  0.03    0.00    2.28 v _267_/A (sky130_fd_sc_hd__clkbuf_8)
    10    0.03    0.05    0.15    2.43 v _267_/X (sky130_fd_sc_hd__clkbuf_8)
                                         _197_ (net)
                  0.05    0.00    2.43 v _277_/B (sky130_fd_sc_hd__and3_1)
     2    0.01    0.07    0.20    2.64 v _277_/X (sky130_fd_sc_hd__and3_1)
                                         _207_ (net)
                  0.07    0.00    2.64 v _279_/C (sky130_fd_sc_hd__or3_4)
     2    0.01    0.07    0.35    2.99 v _279_/X (sky130_fd_sc_hd__or3_4)
                                         _209_ (net)
                  0.07    0.00    2.99 v _301_/A2 (sky130_fd_sc_hd__a21o_4)
     3    0.01    0.04    0.24    3.23 v _301_/X (sky130_fd_sc_hd__a21o_4)
                                         _230_ (net)
                  0.04    0.00    3.23 v _303_/A2 (sky130_fd_sc_hd__o21a_2)
     1    0.02    0.08    0.25    3.48 v _303_/X (sky130_fd_sc_hd__o21a_2)
                                         _232_ (net)
                  0.08    0.00    3.48 v _308_/A2 (sky130_fd_sc_hd__a211o_1)
     1    0.02    0.11    0.39    3.88 v _308_/X (sky130_fd_sc_hd__a211o_1)
                                         _237_ (net)
                  0.11    0.00    3.88 v _309_/B2 (sky130_fd_sc_hd__o2bb2a_2)
     1    0.00    0.04    0.27    4.15 v _309_/X (sky130_fd_sc_hd__o2bb2a_2)
                                         net22 (net)
                  0.04    0.00    4.15 v output22/A (sky130_fd_sc_hd__buf_2)
     1    0.04    0.09    0.19    4.34 v output22/X (sky130_fd_sc_hd__buf_2)
                                         out[2] (net)
                  0.09    0.00    4.34 v out[2] (out)
                                  4.34   data arrival time

                  0.00   10.00   10.00   clock __VIRTUAL_CLK__ (rise edge)
                          0.00   10.00   clock network delay (ideal)
                         -0.25    9.75   clock uncertainty
                          0.00    9.75   clock reconvergence pessimism
                         -2.00    7.75   output external delay
                                  7.75   data required time
-----------------------------------------------------------------------------
                                  7.75   data required time
                                 -4.34   data arrival time
-----------------------------------------------------------------------------
                                  3.41   slack (MET)


Startpoint: B[1] (input port clocked by __VIRTUAL_CLK__)
Endpoint: out[1] (output port clocked by __VIRTUAL_CLK__)
Path Group: __VIRTUAL_CLK__
Path Type: max

Fanout     Cap    Slew   Delay    Time   Description
-----------------------------------------------------------------------------
                  0.00    0.00    0.00   clock __VIRTUAL_CLK__ (rise edge)
                          0.00    0.00   clock network delay (ideal)
                          2.00    2.00 v input external delay
     1    0.01    0.02    0.01    2.01 v B[1] (in)
                                         B[1] (net)
                  0.02    0.00    2.01 v input10/A (sky130_fd_sc_hd__buf_6)
     5    0.04    0.05    0.13    2.15 v input10/X (sky130_fd_sc_hd__buf_6)
                                         net10 (net)
                  0.05    0.00    2.15 v _266_/A (sky130_fd_sc_hd__buf_12)
     5    0.02    0.03    0.13    2.28 v _266_/X (sky130_fd_sc_hd__buf_12)
                                         _196_ (net)
                  0.03    0.00    2.28 v _267_/A (sky130_fd_sc_hd__clkbuf_8)
    10    0.03    0.05    0.15    2.43 v _267_/X (sky130_fd_sc_hd__clkbuf_8)
                                         _197_ (net)
                  0.05    0.00    2.43 v _277_/B (sky130_fd_sc_hd__and3_1)
     2    0.01    0.07    0.20    2.64 v _277_/X (sky130_fd_sc_hd__and3_1)
                                         _207_ (net)
                  0.07    0.00    2.64 v _279_/C (sky130_fd_sc_hd__or3_4)
     2    0.01    0.07    0.35    2.99 v _279_/X (sky130_fd_sc_hd__or3_4)
                                         _209_ (net)
                  0.07    0.00    2.99 v _280_/B_N (sky130_fd_sc_hd__or2b_1)
     1    0.02    0.15    0.25    3.24 ^ _280_/X (sky130_fd_sc_hd__or2b_1)
                                         _210_ (net)
                  0.15    0.00    3.24 ^ _281_/B (sky130_fd_sc_hd__xnor2_1)
     1    0.01    0.06    0.10    3.34 v _281_/Y (sky130_fd_sc_hd__xnor2_1)
                                         _211_ (net)
                  0.06    0.00    3.34 v _286_/A2 (sky130_fd_sc_hd__a211o_2)
     1    0.02    0.10    0.42    3.76 v _286_/X (sky130_fd_sc_hd__a211o_2)
                                         _216_ (net)
                  0.10    0.00    3.77 v _287_/B2 (sky130_fd_sc_hd__o2bb2a_2)
     1    0.00    0.04    0.27    4.03 v _287_/X (sky130_fd_sc_hd__o2bb2a_2)
                                         net21 (net)
                  0.04    0.00    4.03 v output21/A (sky130_fd_sc_hd__buf_2)
     1    0.03    0.09    0.19    4.22 v output21/X (sky130_fd_sc_hd__buf_2)
                                         out[1] (net)
                  0.09    0.00    4.22 v out[1] (out)
                                  4.22   data arrival time

                  0.00   10.00   10.00   clock __VIRTUAL_CLK__ (rise edge)
                          0.00   10.00   clock network delay (ideal)
                         -0.25    9.75   clock uncertainty
                          0.00    9.75   clock reconvergence pessimism
                         -2.00    7.75   output external delay
                                  7.75   data required time
-----------------------------------------------------------------------------
                                  7.75   data required time
                                 -4.22   data arrival time
-----------------------------------------------------------------------------
                                  3.53   slack (MET)


Startpoint: opcode[0] (input port clocked by __VIRTUAL_CLK__)
Endpoint: out[0] (output port clocked by __VIRTUAL_CLK__)
Path Group: __VIRTUAL_CLK__
Path Type: max

Fanout     Cap    Slew   Delay    Time   Description
-----------------------------------------------------------------------------
                  0.00    0.00    0.00   clock __VIRTUAL_CLK__ (rise edge)
                          0.00    0.00   clock network delay (ideal)
                          2.00    2.00 v input external delay
     1    0.00    0.01    0.01    2.01 v opcode[0] (in)
                                         opcode[0] (net)
                  0.01    0.00    2.01 v input17/A (sky130_fd_sc_hd__clkbuf_8)
     5    0.03    0.05    0.15    2.16 v input17/X (sky130_fd_sc_hd__clkbuf_8)
                                         net17 (net)
                  0.05    0.00    2.16 v _249_/A (sky130_fd_sc_hd__or2_4)
     5    0.04    0.09    0.32    2.48 v _249_/X (sky130_fd_sc_hd__or2_4)
                                         _180_ (net)
                  0.09    0.00    2.48 v _258_/B (sky130_fd_sc_hd__nor2_8)
     8    0.07    0.25    0.25    2.73 ^ _258_/Y (sky130_fd_sc_hd__nor2_8)
                                         _189_ (net)
                  0.25    0.00    2.73 ^ _260_/A1 (sky130_fd_sc_hd__o211a_4)
     1    0.04    0.14    0.30    3.03 ^ _260_/X (sky130_fd_sc_hd__o211a_4)
                                         _191_ (net)
                  0.14    0.01    3.04 ^ _261_/B1 (sky130_fd_sc_hd__a31o_2)
     1    0.03    0.18    0.24    3.27 ^ _261_/X (sky130_fd_sc_hd__a31o_2)
                                         _192_ (net)
                  0.18    0.00    3.28 ^ _262_/B2 (sky130_fd_sc_hd__a2bb2o_2)
     1    0.00    0.03    0.19    3.46 ^ _262_/X (sky130_fd_sc_hd__a2bb2o_2)
                                         net20 (net)
                  0.03    0.00    3.46 ^ output20/A (sky130_fd_sc_hd__buf_2)
     1    0.03    0.17    0.20    3.66 ^ output20/X (sky130_fd_sc_hd__buf_2)
                                         out[0] (net)
                  0.17    0.00    3.67 ^ out[0] (out)
                                  3.67   data arrival time

                  0.00   10.00   10.00   clock __VIRTUAL_CLK__ (rise edge)
                          0.00   10.00   clock network delay (ideal)
                         -0.25    9.75   clock uncertainty
                          0.00    9.75   clock reconvergence pessimism
                         -2.00    7.75   output external delay
                                  7.75   data required time
-----------------------------------------------------------------------------
                                  7.75   data required time
                                 -3.67   data arrival time
-----------------------------------------------------------------------------
                                  4.08   slack (MET)



worst slack corner Typical: 1.9232
