
===========================================================================
report_checks -path_delay max (Setup)
============================================================================
======================= Typical Corner ===================================

Startpoint: B[1] (input port clocked by __VIRTUAL_CLK__)
Endpoint: out[7] (output port clocked by __VIRTUAL_CLK__)
Path Group: __VIRTUAL_CLK__
Path Type: max

Fanout     Cap    Slew   Delay    Time   Description
-----------------------------------------------------------------------------
                  0.00    0.00    0.00   clock __VIRTUAL_CLK__ (rise edge)
                          0.00    0.00   clock network delay (ideal)
                          2.00    2.00 v input external delay
     1    0.01    0.02    0.01    2.01 v B[1] (in)
                                         B[1] (net)
                  0.02    0.00    2.01 v input10/A (sky130_fd_sc_hd__buf_8)
     5    0.03    0.04    0.12    2.14 v input10/X (sky130_fd_sc_hd__buf_8)
                                         net10 (net)
                  0.04    0.00    2.14 v _266_/A (sky130_fd_sc_hd__buf_12)
     5    0.02    0.03    0.13    2.26 v _266_/X (sky130_fd_sc_hd__buf_12)
                                         _196_ (net)
                  0.03    0.00    2.26 v _383_/A2 (sky130_fd_sc_hd__a22o_4)
     3    0.01    0.05    0.27    2.54 v _383_/X (sky130_fd_sc_hd__a22o_4)
                                         _061_ (net)
                  0.05    0.00    2.54 v _385_/A1 (sky130_fd_sc_hd__a21o_4)
     2    0.01    0.05    0.22    2.76 v _385_/X (sky130_fd_sc_hd__a21o_4)
                                         _063_ (net)
                  0.05    0.00    2.76 v _389_/A2 (sky130_fd_sc_hd__a21o_4)
     3    0.02    0.05    0.24    3.00 v _389_/X (sky130_fd_sc_hd__a21o_4)
                                         _067_ (net)
                  0.05    0.00    3.00 v _395_/A1 (sky130_fd_sc_hd__a21o_4)
     3    0.02    0.05    0.23    3.24 v _395_/X (sky130_fd_sc_hd__a21o_4)
                                         _073_ (net)
                  0.05    0.00    3.24 v _398_/A (sky130_fd_sc_hd__and3_4)
     2    0.00    0.03    0.15    3.39 v _398_/X (sky130_fd_sc_hd__and3_4)
                                         _076_ (net)
                  0.03    0.00    3.39 v _401_/C (sky130_fd_sc_hd__or3_4)
     4    0.01    0.08    0.35    3.74 v _401_/X (sky130_fd_sc_hd__or3_4)
                                         _079_ (net)
                  0.08    0.00    3.74 v _465_/A1 (sky130_fd_sc_hd__a211o_4)
     3    0.00    0.05    0.34    4.09 v _465_/X (sky130_fd_sc_hd__a211o_4)
                                         _141_ (net)
                  0.05    0.00    4.09 v _494_/C (sky130_fd_sc_hd__or3_4)
     2    0.00    0.06    0.33    4.42 v _494_/X (sky130_fd_sc_hd__or3_4)
                                         _170_ (net)
                  0.06    0.00    4.42 v _496_/A (sky130_fd_sc_hd__and3_1)
     1    0.00    0.04    0.15    4.57 v _496_/X (sky130_fd_sc_hd__and3_1)
                                         _172_ (net)
                  0.04    0.00    4.57 v _498_/A2 (sky130_fd_sc_hd__o21a_1)
     1    0.00    0.04    0.17    4.75 v _498_/X (sky130_fd_sc_hd__o21a_1)
                                         _174_ (net)
                  0.04    0.00    4.75 v _503_/A3 (sky130_fd_sc_hd__o32a_4)
     1    0.01    0.06    0.32    5.07 v _503_/X (sky130_fd_sc_hd__o32a_4)
                                         net27 (net)
                  0.06    0.00    5.07 v output27/A (sky130_fd_sc_hd__buf_8)
     1    0.03    0.04    0.15    5.22 v output27/X (sky130_fd_sc_hd__buf_8)
                                         out[7] (net)
                  0.04    0.00    5.22 v out[7] (out)
                                  5.22   data arrival time

                  0.00   10.00   10.00   clock __VIRTUAL_CLK__ (rise edge)
                          0.00   10.00   clock network delay (ideal)
                         -0.25    9.75   clock uncertainty
                          0.00    9.75   clock reconvergence pessimism
                         -2.00    7.75   output external delay
                                  7.75   data required time
-----------------------------------------------------------------------------
                                  7.75   data required time
                                 -5.22   data arrival time
-----------------------------------------------------------------------------
                                  2.53   slack (MET)


Startpoint: B[1] (input port clocked by __VIRTUAL_CLK__)
Endpoint: out[6] (output port clocked by __VIRTUAL_CLK__)
Path Group: __VIRTUAL_CLK__
Path Type: max

Fanout     Cap    Slew   Delay    Time   Description
-----------------------------------------------------------------------------
                  0.00    0.00    0.00   clock __VIRTUAL_CLK__ (rise edge)
                          0.00    0.00   clock network delay (ideal)
                          2.00    2.00 v input external delay
     1    0.01    0.02    0.01    2.01 v B[1] (in)
                                         B[1] (net)
                  0.02    0.00    2.01 v input10/A (sky130_fd_sc_hd__buf_8)
     5    0.03    0.04    0.12    2.14 v input10/X (sky130_fd_sc_hd__buf_8)
                                         net10 (net)
                  0.04    0.00    2.14 v _266_/A (sky130_fd_sc_hd__buf_12)
     5    0.02    0.03    0.13    2.26 v _266_/X (sky130_fd_sc_hd__buf_12)
                                         _196_ (net)
                  0.03    0.00    2.26 v _383_/A2 (sky130_fd_sc_hd__a22o_4)
     3    0.01    0.05    0.27    2.54 v _383_/X (sky130_fd_sc_hd__a22o_4)
                                         _061_ (net)
                  0.05    0.00    2.54 v _385_/A1 (sky130_fd_sc_hd__a21o_4)
     2    0.01    0.05    0.22    2.76 v _385_/X (sky130_fd_sc_hd__a21o_4)
                                         _063_ (net)
                  0.05    0.00    2.76 v _389_/A2 (sky130_fd_sc_hd__a21o_4)
     3    0.02    0.05    0.24    3.00 v _389_/X (sky130_fd_sc_hd__a21o_4)
                                         _067_ (net)
                  0.05    0.00    3.00 v _395_/A1 (sky130_fd_sc_hd__a21o_4)
     3    0.02    0.05    0.23    3.24 v _395_/X (sky130_fd_sc_hd__a21o_4)
                                         _073_ (net)
                  0.05    0.00    3.24 v _398_/A (sky130_fd_sc_hd__and3_4)
     2    0.00    0.03    0.15    3.39 v _398_/X (sky130_fd_sc_hd__and3_4)
                                         _076_ (net)
                  0.03    0.00    3.39 v _401_/C (sky130_fd_sc_hd__or3_4)
     4    0.01    0.08    0.35    3.74 v _401_/X (sky130_fd_sc_hd__or3_4)
                                         _079_ (net)
                  0.08    0.00    3.74 v rebuffer1/A (sky130_fd_sc_hd__clkbuf_2)
     1    0.01    0.04    0.14    3.88 v rebuffer1/X (sky130_fd_sc_hd__clkbuf_2)
                                         net33 (net)
                  0.04    0.00    3.88 v _436_/A1 (sky130_fd_sc_hd__a211oi_4)
     2    0.01    0.19    0.22    4.10 ^ _436_/Y (sky130_fd_sc_hd__a211oi_4)
                                         _113_ (net)
                  0.19    0.00    4.10 ^ rebuffer10/A (sky130_fd_sc_hd__buf_6)
     1    0.01    0.03    0.14    4.24 ^ rebuffer10/X (sky130_fd_sc_hd__buf_6)
                                         net42 (net)
                  0.03    0.00    4.24 ^ _438_/C1 (sky130_fd_sc_hd__a2111oi_4)
     2    0.01    0.06    0.04    4.28 v _438_/Y (sky130_fd_sc_hd__a2111oi_4)
                                         _115_ (net)
                  0.06    0.00    4.28 v wire29/A (sky130_fd_sc_hd__buf_2)
     2    0.00    0.03    0.13    4.41 v wire29/X (sky130_fd_sc_hd__buf_2)
                                         net29 (net)
                  0.03    0.00    4.41 v wire28/A (sky130_fd_sc_hd__clkbuf_2)
     1    0.00    0.02    0.09    4.50 v wire28/X (sky130_fd_sc_hd__clkbuf_2)
                                         net28 (net)
                  0.02    0.00    4.50 v _441_/A (sky130_fd_sc_hd__or2_4)
     1    0.01    0.05    0.25    4.75 v _441_/X (sky130_fd_sc_hd__or2_4)
                                         _118_ (net)
                  0.05    0.00    4.75 v _453_/B2 (sky130_fd_sc_hd__a22oi_4)
     1    0.00    0.13    0.15    4.90 ^ _453_/Y (sky130_fd_sc_hd__a22oi_4)
                                         net26 (net)
                  0.13    0.00    4.90 ^ output26/A (sky130_fd_sc_hd__buf_6)
     1    0.03    0.08    0.16    5.06 ^ output26/X (sky130_fd_sc_hd__buf_6)
                                         out[6] (net)
                  0.08    0.00    5.06 ^ out[6] (out)
                                  5.06   data arrival time

                  0.00   10.00   10.00   clock __VIRTUAL_CLK__ (rise edge)
                          0.00   10.00   clock network delay (ideal)
                         -0.25    9.75   clock uncertainty
                          0.00    9.75   clock reconvergence pessimism
                         -2.00    7.75   output external delay
                                  7.75   data required time
-----------------------------------------------------------------------------
                                  7.75   data required time
                                 -5.06   data arrival time
-----------------------------------------------------------------------------
                                  2.69   slack (MET)


Startpoint: B[1] (input port clocked by __VIRTUAL_CLK__)
Endpoint: out[5] (output port clocked by __VIRTUAL_CLK__)
Path Group: __VIRTUAL_CLK__
Path Type: max

Fanout     Cap    Slew   Delay    Time   Description
-----------------------------------------------------------------------------
                  0.00    0.00    0.00   clock __VIRTUAL_CLK__ (rise edge)
                          0.00    0.00   clock network delay (ideal)
                          2.00    2.00 v input external delay
     1    0.01    0.02    0.01    2.01 v B[1] (in)
                                         B[1] (net)
                  0.02    0.00    2.01 v input10/A (sky130_fd_sc_hd__buf_8)
     5    0.03    0.04    0.12    2.14 v input10/X (sky130_fd_sc_hd__buf_8)
                                         net10 (net)
                  0.04    0.00    2.14 v _266_/A (sky130_fd_sc_hd__buf_12)
     5    0.02    0.03    0.13    2.26 v _266_/X (sky130_fd_sc_hd__buf_12)
                                         _196_ (net)
                  0.03    0.00    2.26 v _383_/A2 (sky130_fd_sc_hd__a22o_4)
     3    0.01    0.05    0.27    2.54 v _383_/X (sky130_fd_sc_hd__a22o_4)
                                         _061_ (net)
                  0.05    0.00    2.54 v _385_/A1 (sky130_fd_sc_hd__a21o_4)
     2    0.01    0.05    0.22    2.76 v _385_/X (sky130_fd_sc_hd__a21o_4)
                                         _063_ (net)
                  0.05    0.00    2.76 v _389_/A2 (sky130_fd_sc_hd__a21o_4)
     3    0.02    0.05    0.24    3.00 v _389_/X (sky130_fd_sc_hd__a21o_4)
                                         _067_ (net)
                  0.05    0.00    3.00 v _395_/A1 (sky130_fd_sc_hd__a21o_4)
     3    0.02    0.05    0.23    3.24 v _395_/X (sky130_fd_sc_hd__a21o_4)
                                         _073_ (net)
                  0.05    0.00    3.24 v _398_/A (sky130_fd_sc_hd__and3_4)
     2    0.00    0.03    0.15    3.39 v _398_/X (sky130_fd_sc_hd__and3_4)
                                         _076_ (net)
                  0.03    0.00    3.39 v _401_/C (sky130_fd_sc_hd__or3_4)
     4    0.01    0.08    0.35    3.74 v _401_/X (sky130_fd_sc_hd__or3_4)
                                         _079_ (net)
                  0.08    0.00    3.74 v rebuffer2/A (sky130_fd_sc_hd__dlygate4sd1_1)
     1    0.01    0.06    0.28    4.02 v rebuffer2/X (sky130_fd_sc_hd__dlygate4sd1_1)
                                         net34 (net)
                  0.06    0.00    4.02 v _402_/B (sky130_fd_sc_hd__nand2_4)
     3    0.02    0.08    0.10    4.12 ^ _402_/Y (sky130_fd_sc_hd__nand2_4)
                                         _080_ (net)
                  0.08    0.00    4.12 ^ _404_/C (sky130_fd_sc_hd__nand3_2)
     2    0.00    0.05    0.07    4.19 v _404_/Y (sky130_fd_sc_hd__nand3_2)
                                         _082_ (net)
                  0.05    0.00    4.19 v _408_/A3 (sky130_fd_sc_hd__a31o_1)
     1    0.00    0.03    0.22    4.41 v _408_/X (sky130_fd_sc_hd__a31o_1)
                                         _086_ (net)
                  0.03    0.00    4.41 v _409_/B1 (sky130_fd_sc_hd__a21oi_1)
     1    0.00    0.14    0.14    4.55 ^ _409_/Y (sky130_fd_sc_hd__a21oi_1)
                                         _087_ (net)
                  0.14    0.00    4.55 ^ _410_/B1 (sky130_fd_sc_hd__a21oi_2)
     1    0.00    0.04    0.04    4.59 v _410_/Y (sky130_fd_sc_hd__a21oi_2)
                                         net25 (net)
                  0.04    0.00    4.59 v output25/A (sky130_fd_sc_hd__buf_2)
     1    0.03    0.09    0.19    4.77 v output25/X (sky130_fd_sc_hd__buf_2)
                                         out[5] (net)
                  0.09    0.00    4.77 v out[5] (out)
                                  4.77   data arrival time

                  0.00   10.00   10.00   clock __VIRTUAL_CLK__ (rise edge)
                          0.00   10.00   clock network delay (ideal)
                         -0.25    9.75   clock uncertainty
                          0.00    9.75   clock reconvergence pessimism
                         -2.00    7.75   output external delay
                                  7.75   data required time
-----------------------------------------------------------------------------
                                  7.75   data required time
                                 -4.77   data arrival time
-----------------------------------------------------------------------------
                                  2.98   slack (MET)


Startpoint: A[2] (input port clocked by __VIRTUAL_CLK__)
Endpoint: out[4] (output port clocked by __VIRTUAL_CLK__)
Path Group: __VIRTUAL_CLK__
Path Type: max

Fanout     Cap    Slew   Delay    Time   Description
-----------------------------------------------------------------------------
                  0.00    0.00    0.00   clock __VIRTUAL_CLK__ (rise edge)
                          0.00    0.00   clock network delay (ideal)
                          2.00    2.00 v input external delay
     1    0.01    0.02    0.01    2.01 v A[2] (in)
                                         A[2] (net)
                  0.02    0.00    2.01 v input3/A (sky130_fd_sc_hd__buf_12)
     4    0.02    0.03    0.12    2.13 v input3/X (sky130_fd_sc_hd__buf_12)
                                         net3 (net)
                  0.03    0.00    2.13 v rebuffer22/A (sky130_fd_sc_hd__buf_12)
     4    0.03    0.03    0.13    2.26 v rebuffer22/X (sky130_fd_sc_hd__buf_12)
                                         net54 (net)
                  0.03    0.00    2.26 v rebuffer24/A (sky130_fd_sc_hd__buf_2)
     1    0.00    0.02    0.11    2.37 v rebuffer24/X (sky130_fd_sc_hd__buf_2)
                                         net56 (net)
                  0.02    0.00    2.37 v _323_/C (sky130_fd_sc_hd__and4_4)
     3    0.01    0.05    0.19    2.56 v _323_/X (sky130_fd_sc_hd__and4_4)
                                         _003_ (net)
                  0.05    0.00    2.56 v _325_/B (sky130_fd_sc_hd__or3_4)
     2    0.01    0.07    0.38    2.94 v _325_/X (sky130_fd_sc_hd__or3_4)
                                         _005_ (net)
                  0.07    0.00    2.94 v _329_/B (sky130_fd_sc_hd__and3_1)
     2    0.00    0.04    0.18    3.12 v _329_/X (sky130_fd_sc_hd__and3_1)
                                         _009_ (net)
                  0.04    0.00    3.12 v rebuffer26/A (sky130_fd_sc_hd__dlygate4sd1_1)
     1    0.00    0.04    0.24    3.36 v rebuffer26/X (sky130_fd_sc_hd__dlygate4sd1_1)
                                         net58 (net)
                  0.04    0.00    3.36 v _341_/B1 (sky130_fd_sc_hd__a31o_4)
     2    0.02    0.06    0.24    3.60 v _341_/X (sky130_fd_sc_hd__a31o_4)
                                         _020_ (net)
                  0.06    0.00    3.60 v _357_/A (sky130_fd_sc_hd__or2_4)
     2    0.01    0.06    0.28    3.87 v _357_/X (sky130_fd_sc_hd__or2_4)
                                         _036_ (net)
                  0.06    0.00    3.87 v _358_/A2 (sky130_fd_sc_hd__a21bo_1)
     1    0.00    0.03    0.19    4.06 v _358_/X (sky130_fd_sc_hd__a21bo_1)
                                         _037_ (net)
                  0.03    0.00    4.06 v _360_/B (sky130_fd_sc_hd__and3_2)
     1    0.00    0.03    0.18    4.25 v _360_/X (sky130_fd_sc_hd__and3_2)
                                         _039_ (net)
                  0.03    0.00    4.25 v _373_/B1 (sky130_fd_sc_hd__o2bb2a_2)
     2    0.00    0.04    0.26    4.50 v _373_/X (sky130_fd_sc_hd__o2bb2a_2)
                                         net24 (net)
                  0.04    0.00    4.50 v output24/A (sky130_fd_sc_hd__buf_2)
     1    0.03    0.09    0.19    4.69 v output24/X (sky130_fd_sc_hd__buf_2)
                                         out[4] (net)
                  0.09    0.00    4.69 v out[4] (out)
                                  4.69   data arrival time

                  0.00   10.00   10.00   clock __VIRTUAL_CLK__ (rise edge)
                          0.00   10.00   clock network delay (ideal)
                         -0.25    9.75   clock uncertainty
                          0.00    9.75   clock reconvergence pessimism
                         -2.00    7.75   output external delay
                                  7.75   data required time
-----------------------------------------------------------------------------
                                  7.75   data required time
                                 -4.69   data arrival time
-----------------------------------------------------------------------------
                                  3.06   slack (MET)


Startpoint: A[2] (input port clocked by __VIRTUAL_CLK__)
Endpoint: out[3] (output port clocked by __VIRTUAL_CLK__)
Path Group: __VIRTUAL_CLK__
Path Type: max

Fanout     Cap    Slew   Delay    Time   Description
-----------------------------------------------------------------------------
                  0.00    0.00    0.00   clock __VIRTUAL_CLK__ (rise edge)
                          0.00    0.00   clock network delay (ideal)
                          2.00    2.00 v input external delay
     1    0.01    0.02    0.01    2.01 v A[2] (in)
                                         A[2] (net)
                  0.02    0.00    2.01 v input3/A (sky130_fd_sc_hd__buf_12)
     4    0.02    0.03    0.12    2.13 v input3/X (sky130_fd_sc_hd__buf_12)
                                         net3 (net)
                  0.03    0.00    2.13 v rebuffer22/A (sky130_fd_sc_hd__buf_12)
     4    0.03    0.03    0.13    2.26 v rebuffer22/X (sky130_fd_sc_hd__buf_12)
                                         net54 (net)
                  0.03    0.00    2.26 v rebuffer24/A (sky130_fd_sc_hd__buf_2)
     1    0.00    0.02    0.11    2.37 v rebuffer24/X (sky130_fd_sc_hd__buf_2)
                                         net56 (net)
                  0.02    0.00    2.37 v _323_/C (sky130_fd_sc_hd__and4_4)
     3    0.01    0.05    0.19    2.56 v _323_/X (sky130_fd_sc_hd__and4_4)
                                         _003_ (net)
                  0.05    0.00    2.56 v _325_/B (sky130_fd_sc_hd__or3_4)
     2    0.01    0.07    0.38    2.94 v _325_/X (sky130_fd_sc_hd__or3_4)
                                         _005_ (net)
                  0.07    0.00    2.94 v _330_/A1 (sky130_fd_sc_hd__a21o_4)
     2    0.01    0.04    0.22    3.16 v _330_/X (sky130_fd_sc_hd__a21o_4)
                                         _010_ (net)
                  0.04    0.00    3.16 v _331_/B (sky130_fd_sc_hd__and2b_2)
     1    0.02    0.07    0.23    3.39 v _331_/X (sky130_fd_sc_hd__and2b_2)
                                         _011_ (net)
                  0.07    0.00    3.39 v _332_/B (sky130_fd_sc_hd__xnor2_4)
     2    0.01    0.06    0.14    3.53 v _332_/Y (sky130_fd_sc_hd__xnor2_4)
                                         _012_ (net)
                  0.06    0.00    3.53 v _334_/B (sky130_fd_sc_hd__or2_1)
     1    0.00    0.05    0.21    3.75 v _334_/X (sky130_fd_sc_hd__or2_1)
                                         _014_ (net)
                  0.05    0.00    3.75 v _338_/A3 (sky130_fd_sc_hd__a31o_1)
     1    0.00    0.03    0.21    3.96 v _338_/X (sky130_fd_sc_hd__a31o_1)
                                         _018_ (net)
                  0.03    0.00    3.96 v _339_/B2 (sky130_fd_sc_hd__o2bb2a_1)
     2    0.00    0.05    0.28    4.23 v _339_/X (sky130_fd_sc_hd__o2bb2a_1)
                                         net23 (net)
                  0.05    0.00    4.23 v output23/A (sky130_fd_sc_hd__buf_2)
     1    0.03    0.09    0.19    4.43 v output23/X (sky130_fd_sc_hd__buf_2)
                                         out[3] (net)
                  0.09    0.00    4.43 v out[3] (out)
                                  4.43   data arrival time

                  0.00   10.00   10.00   clock __VIRTUAL_CLK__ (rise edge)
                          0.00   10.00   clock network delay (ideal)
                         -0.25    9.75   clock uncertainty
                          0.00    9.75   clock reconvergence pessimism
                         -2.00    7.75   output external delay
                                  7.75   data required time
-----------------------------------------------------------------------------
                                  7.75   data required time
                                 -4.43   data arrival time
-----------------------------------------------------------------------------
                                  3.32   slack (MET)


Startpoint: B[1] (input port clocked by __VIRTUAL_CLK__)
Endpoint: out[2] (output port clocked by __VIRTUAL_CLK__)
Path Group: __VIRTUAL_CLK__
Path Type: max

Fanout     Cap    Slew   Delay    Time   Description
-----------------------------------------------------------------------------
                  0.00    0.00    0.00   clock __VIRTUAL_CLK__ (rise edge)
                          0.00    0.00   clock network delay (ideal)
                          2.00    2.00 v input external delay
     1    0.01    0.02    0.01    2.01 v B[1] (in)
                                         B[1] (net)
                  0.02    0.00    2.01 v input10/A (sky130_fd_sc_hd__buf_8)
     5    0.03    0.04    0.12    2.14 v input10/X (sky130_fd_sc_hd__buf_8)
                                         net10 (net)
                  0.04    0.00    2.14 v _266_/A (sky130_fd_sc_hd__buf_12)
     5    0.02    0.03    0.13    2.26 v _266_/X (sky130_fd_sc_hd__buf_12)
                                         _196_ (net)
                  0.03    0.00    2.26 v _267_/A (sky130_fd_sc_hd__clkbuf_8)
    10    0.03    0.05    0.15    2.42 v _267_/X (sky130_fd_sc_hd__clkbuf_8)
                                         _197_ (net)
                  0.05    0.00    2.42 v _277_/B (sky130_fd_sc_hd__and3_1)
     2    0.00    0.05    0.18    2.60 v _277_/X (sky130_fd_sc_hd__and3_1)
                                         _207_ (net)
                  0.05    0.00    2.60 v _279_/C (sky130_fd_sc_hd__or3_4)
     2    0.01    0.07    0.34    2.94 v _279_/X (sky130_fd_sc_hd__or3_4)
                                         _209_ (net)
                  0.07    0.00    2.94 v _301_/A2 (sky130_fd_sc_hd__a21o_4)
     3    0.01    0.04    0.24    3.18 v _301_/X (sky130_fd_sc_hd__a21o_4)
                                         _230_ (net)
                  0.04    0.00    3.18 v _303_/A2 (sky130_fd_sc_hd__o21a_2)
     1    0.00    0.03    0.19    3.37 v _303_/X (sky130_fd_sc_hd__o21a_2)
                                         _232_ (net)
                  0.03    0.00    3.37 v _308_/A2 (sky130_fd_sc_hd__a211o_1)
     1    0.00    0.04    0.28    3.65 v _308_/X (sky130_fd_sc_hd__a211o_1)
                                         _237_ (net)
                  0.04    0.00    3.65 v _309_/B2 (sky130_fd_sc_hd__o2bb2a_2)
     2    0.00    0.04    0.25    3.90 v _309_/X (sky130_fd_sc_hd__o2bb2a_2)
                                         net22 (net)
                  0.04    0.00    3.90 v output22/A (sky130_fd_sc_hd__buf_2)
     1    0.03    0.09    0.19    4.09 v output22/X (sky130_fd_sc_hd__buf_2)
                                         out[2] (net)
                  0.09    0.00    4.09 v out[2] (out)
                                  4.09   data arrival time

                  0.00   10.00   10.00   clock __VIRTUAL_CLK__ (rise edge)
                          0.00   10.00   clock network delay (ideal)
                         -0.25    9.75   clock uncertainty
                          0.00    9.75   clock reconvergence pessimism
                         -2.00    7.75   output external delay
                                  7.75   data required time
-----------------------------------------------------------------------------
                                  7.75   data required time
                                 -4.09   data arrival time
-----------------------------------------------------------------------------
                                  3.66   slack (MET)


Startpoint: B[1] (input port clocked by __VIRTUAL_CLK__)
Endpoint: out[1] (output port clocked by __VIRTUAL_CLK__)
Path Group: __VIRTUAL_CLK__
Path Type: max

Fanout     Cap    Slew   Delay    Time   Description
-----------------------------------------------------------------------------
                  0.00    0.00    0.00   clock __VIRTUAL_CLK__ (rise edge)
                          0.00    0.00   clock network delay (ideal)
                          2.00    2.00 v input external delay
     1    0.01    0.02    0.01    2.01 v B[1] (in)
                                         B[1] (net)
                  0.02    0.00    2.01 v input10/A (sky130_fd_sc_hd__buf_8)
     5    0.03    0.04    0.12    2.14 v input10/X (sky130_fd_sc_hd__buf_8)
                                         net10 (net)
                  0.04    0.00    2.14 v _266_/A (sky130_fd_sc_hd__buf_12)
     5    0.02    0.03    0.13    2.26 v _266_/X (sky130_fd_sc_hd__buf_12)
                                         _196_ (net)
                  0.03    0.00    2.26 v _267_/A (sky130_fd_sc_hd__clkbuf_8)
    10    0.03    0.05    0.15    2.42 v _267_/X (sky130_fd_sc_hd__clkbuf_8)
                                         _197_ (net)
                  0.05    0.00    2.42 v _277_/B (sky130_fd_sc_hd__and3_1)
     2    0.00    0.05    0.18    2.60 v _277_/X (sky130_fd_sc_hd__and3_1)
                                         _207_ (net)
                  0.05    0.00    2.60 v _279_/C (sky130_fd_sc_hd__or3_4)
     2    0.01    0.07    0.34    2.94 v _279_/X (sky130_fd_sc_hd__or3_4)
                                         _209_ (net)
                  0.07    0.00    2.94 v _280_/B_N (sky130_fd_sc_hd__or2b_1)
     1    0.00    0.05    0.18    3.11 ^ _280_/X (sky130_fd_sc_hd__or2b_1)
                                         _210_ (net)
                  0.05    0.00    3.11 ^ _281_/B (sky130_fd_sc_hd__xnor2_1)
     1    0.00    0.04    0.06    3.17 v _281_/Y (sky130_fd_sc_hd__xnor2_1)
                                         _211_ (net)
                  0.04    0.00    3.17 v _286_/A2 (sky130_fd_sc_hd__a211o_2)
     1    0.00    0.04    0.33    3.50 v _286_/X (sky130_fd_sc_hd__a211o_2)
                                         _216_ (net)
                  0.04    0.00    3.50 v _287_/B2 (sky130_fd_sc_hd__o2bb2a_2)
     7    0.01    0.06    0.27    3.77 v _287_/X (sky130_fd_sc_hd__o2bb2a_2)
                                         net21 (net)
                  0.06    0.00    3.77 v output21/A (sky130_fd_sc_hd__buf_2)
     1    0.03    0.09    0.19    3.96 v output21/X (sky130_fd_sc_hd__buf_2)
                                         out[1] (net)
                  0.09    0.00    3.96 v out[1] (out)
                                  3.96   data arrival time

                  0.00   10.00   10.00   clock __VIRTUAL_CLK__ (rise edge)
                          0.00   10.00   clock network delay (ideal)
                         -0.25    9.75   clock uncertainty
                          0.00    9.75   clock reconvergence pessimism
                         -2.00    7.75   output external delay
                                  7.75   data required time
-----------------------------------------------------------------------------
                                  7.75   data required time
                                 -3.96   data arrival time
-----------------------------------------------------------------------------
                                  3.79   slack (MET)


Startpoint: opcode[0] (input port clocked by __VIRTUAL_CLK__)
Endpoint: out[0] (output port clocked by __VIRTUAL_CLK__)
Path Group: __VIRTUAL_CLK__
Path Type: max

Fanout     Cap    Slew   Delay    Time   Description
-----------------------------------------------------------------------------
                  0.00    0.00    0.00   clock __VIRTUAL_CLK__ (rise edge)
                          0.00    0.00   clock network delay (ideal)
                          2.00    2.00 ^ input external delay
     1    0.00    0.03    0.02    2.02 ^ opcode[0] (in)
                                         opcode[0] (net)
                  0.03    0.00    2.02 ^ input17/A (sky130_fd_sc_hd__clkbuf_8)
     6    0.03    0.07    0.15    2.17 ^ input17/X (sky130_fd_sc_hd__clkbuf_8)
                                         net17 (net)
                  0.07    0.00    2.17 ^ _249_/A (sky130_fd_sc_hd__or2_4)
     5    0.03    0.10    0.18    2.34 ^ _249_/X (sky130_fd_sc_hd__or2_4)
                                         _180_ (net)
                  0.10    0.00    2.34 ^ _258_/B (sky130_fd_sc_hd__nor2_8)
     9    0.02    0.04    0.05    2.40 v _258_/Y (sky130_fd_sc_hd__nor2_8)
                                         _189_ (net)
                  0.04    0.00    2.40 v _260_/A1 (sky130_fd_sc_hd__o211a_4)
     2    0.00    0.04    0.25    2.64 v _260_/X (sky130_fd_sc_hd__o211a_4)
                                         _191_ (net)
                  0.04    0.00    2.64 v _261_/B1 (sky130_fd_sc_hd__a31o_2)
     1    0.00    0.03    0.21    2.85 v _261_/X (sky130_fd_sc_hd__a31o_2)
                                         _192_ (net)
                  0.03    0.00    2.85 v _262_/B2 (sky130_fd_sc_hd__a2bb2o_2)
     2    0.00    0.04    0.23    3.08 v _262_/X (sky130_fd_sc_hd__a2bb2o_2)
                                         net20 (net)
                  0.04    0.00    3.08 v output20/A (sky130_fd_sc_hd__buf_2)
     1    0.03    0.09    0.19    3.27 v output20/X (sky130_fd_sc_hd__buf_2)
                                         out[0] (net)
                  0.09    0.00    3.27 v out[0] (out)
                                  3.27   data arrival time

                  0.00   10.00   10.00   clock __VIRTUAL_CLK__ (rise edge)
                          0.00   10.00   clock network delay (ideal)
                         -0.25    9.75   clock uncertainty
                          0.00    9.75   clock reconvergence pessimism
                         -2.00    7.75   output external delay
                                  7.75   data required time
-----------------------------------------------------------------------------
                                  7.75   data required time
                                 -3.27   data arrival time
-----------------------------------------------------------------------------
                                  4.48   slack (MET)



worst slack corner Typical: 2.5347
