
===========================================================================
report_checks -path_delay max (Setup)
============================================================================
======================= Fastest Corner ===================================

Startpoint: A[1] (input port clocked by __VIRTUAL_CLK__)
Endpoint: out[7] (output port clocked by __VIRTUAL_CLK__)
Path Group: __VIRTUAL_CLK__
Path Type: max
Corner: Fastest

Fanout     Cap    Slew   Delay    Time   Description
-----------------------------------------------------------------------------
                  0.00    0.00    0.00   clock __VIRTUAL_CLK__ (rise edge)
                          0.00    0.00   clock network delay (ideal)
                          2.00    2.00 ^ input external delay
     1    0.01    0.04    0.03    2.03 ^ A[1] (in)
                                         A[1] (net)
                  0.04    0.00    2.03 ^ input2/A (sky130_fd_sc_hd__buf_12)
     7    0.06    0.06    0.09    2.12 ^ input2/X (sky130_fd_sc_hd__buf_12)
                                         net2 (net)
                  0.06    0.01    2.13 ^ rebuffer12/A (sky130_fd_sc_hd__dlymetal6s2s_1)
     3    0.07    0.49    0.40    2.53 ^ rebuffer12/X (sky130_fd_sc_hd__dlymetal6s2s_1)
                                         net44 (net)
                  0.50    0.02    2.54 ^ _263_/A (sky130_fd_sc_hd__buf_8)
    10    0.13    0.17    0.16    2.71 ^ _263_/X (sky130_fd_sc_hd__buf_8)
                                         _193_ (net)
                  0.18    0.03    2.74 ^ _424_/A (sky130_fd_sc_hd__nand2_4)
     1    0.06    0.11    0.10    2.84 v _424_/Y (sky130_fd_sc_hd__nand2_4)
                                         _101_ (net)
                  0.12    0.01    2.85 v _428_/A (sky130_fd_sc_hd__xor2_4)
     2    0.06    0.31    0.32    3.17 ^ _428_/X (sky130_fd_sc_hd__xor2_4)
                                         _105_ (net)
                  0.31    0.01    3.18 ^ _430_/A (sky130_fd_sc_hd__nand3_4)
     3    0.07    0.19    0.19    3.37 v _430_/Y (sky130_fd_sc_hd__nand3_4)
                                         _107_ (net)
                  0.19    0.01    3.38 v _433_/A2 (sky130_fd_sc_hd__a21o_4)
     3    0.09    0.10    0.27    3.65 v _433_/X (sky130_fd_sc_hd__a21o_4)
                                         _110_ (net)
                  0.11    0.02    3.67 v _435_/A2 (sky130_fd_sc_hd__a21oi_4)
     3    0.07    0.39    0.36    4.03 ^ _435_/Y (sky130_fd_sc_hd__a21oi_4)
                                         _112_ (net)
                  0.39    0.02    4.06 ^ _465_/C1 (sky130_fd_sc_hd__a211o_4)
     3    0.05    0.12    0.14    4.19 ^ _465_/X (sky130_fd_sc_hd__a211o_4)
                                         _141_ (net)
                  0.12    0.00    4.19 ^ rebuffer9/A (sky130_fd_sc_hd__dlygate4sd1_1)
     1    0.03    0.22    0.28    4.48 ^ rebuffer9/X (sky130_fd_sc_hd__dlygate4sd1_1)
                                         net41 (net)
                  0.22    0.00    4.48 ^ _495_/B1 (sky130_fd_sc_hd__o21ai_4)
     2    0.04    0.11    0.08    4.56 v _495_/Y (sky130_fd_sc_hd__o21ai_4)
                                         _171_ (net)
                  0.11    0.01    4.57 v _496_/C (sky130_fd_sc_hd__and3_1)
     1    0.02    0.07    0.19    4.76 v _496_/X (sky130_fd_sc_hd__and3_1)
                                         _172_ (net)
                  0.07    0.00    4.77 v _498_/A2 (sky130_fd_sc_hd__o21a_1)
     1    0.01    0.05    0.15    4.92 v _498_/X (sky130_fd_sc_hd__o21a_1)
                                         _174_ (net)
                  0.05    0.00    4.92 v _503_/A3 (sky130_fd_sc_hd__o32a_4)
     1    0.04    0.07    0.24    5.15 v _503_/X (sky130_fd_sc_hd__o32a_4)
                                         net27 (net)
                  0.07    0.01    5.16 v output27/A (sky130_fd_sc_hd__buf_8)
     1    0.03    0.03    0.11    5.27 v output27/X (sky130_fd_sc_hd__buf_8)
                                         out[7] (net)
                  0.03    0.00    5.28 v out[7] (out)
                                  5.28   data arrival time

                  0.00   10.00   10.00   clock __VIRTUAL_CLK__ (rise edge)
                          0.00   10.00   clock network delay (ideal)
                         -0.25    9.75   clock uncertainty
                          0.00    9.75   clock reconvergence pessimism
                         -2.00    7.75   output external delay
                                  7.75   data required time
-----------------------------------------------------------------------------
                                  7.75   data required time
                                 -5.28   data arrival time
-----------------------------------------------------------------------------
                                  2.47   slack (MET)


Startpoint: B[1] (input port clocked by __VIRTUAL_CLK__)
Endpoint: out[6] (output port clocked by __VIRTUAL_CLK__)
Path Group: __VIRTUAL_CLK__
Path Type: max
Corner: Fastest

Fanout     Cap    Slew   Delay    Time   Description
-----------------------------------------------------------------------------
                  0.00    0.00    0.00   clock __VIRTUAL_CLK__ (rise edge)
                          0.00    0.00   clock network delay (ideal)
                          2.00    2.00 ^ input external delay
     1    0.01    0.04    0.02    2.02 ^ B[1] (in)
                                         B[1] (net)
                  0.04    0.00    2.02 ^ input10/A (sky130_fd_sc_hd__buf_8)
     5    0.11    0.14    0.13    2.15 ^ input10/X (sky130_fd_sc_hd__buf_8)
                                         net10 (net)
                  0.16    0.04    2.19 ^ _266_/A (sky130_fd_sc_hd__buf_12)
     5    0.12    0.11    0.14    2.33 ^ _266_/X (sky130_fd_sc_hd__buf_12)
                                         _196_ (net)
                  0.11    0.02    2.35 ^ _324_/A1 (sky130_fd_sc_hd__a22oi_4)
     2    0.03    0.08    0.08    2.43 v _324_/Y (sky130_fd_sc_hd__a22oi_4)
                                         _004_ (net)
                  0.08    0.01    2.44 v rebuffer7/A (sky130_fd_sc_hd__buf_6)
     2    0.02    0.02    0.10    2.54 v rebuffer7/X (sky130_fd_sc_hd__buf_6)
                                         net39 (net)
                  0.02    0.00    2.54 v rebuffer8/A (sky130_fd_sc_hd__dlymetal6s2s_1)
     1    0.02    0.09    0.14    2.69 v rebuffer8/X (sky130_fd_sc_hd__dlymetal6s2s_1)
                                         net40 (net)
                  0.09    0.00    2.69 v _326_/A1 (sky130_fd_sc_hd__o21ai_4)
     3    0.05    0.26    0.26    2.95 ^ _326_/Y (sky130_fd_sc_hd__o21ai_4)
                                         _006_ (net)
                  0.26    0.01    2.96 ^ _329_/A (sky130_fd_sc_hd__and3_1)
     2    0.02    0.15    0.21    3.17 ^ _329_/X (sky130_fd_sc_hd__and3_1)
                                         _009_ (net)
                  0.15    0.00    3.17 ^ _331_/A_N (sky130_fd_sc_hd__and2b_2)
     1    0.02    0.06    0.18    3.36 v _331_/X (sky130_fd_sc_hd__and2b_2)
                                         _011_ (net)
                  0.06    0.00    3.36 v _332_/B (sky130_fd_sc_hd__xnor2_4)
     2    0.06    0.33    0.29    3.65 ^ _332_/Y (sky130_fd_sc_hd__xnor2_4)
                                         _012_ (net)
                  0.34    0.01    3.66 ^ _333_/A (sky130_fd_sc_hd__nand2_4)
     3    0.07    0.15    0.14    3.80 v _333_/Y (sky130_fd_sc_hd__nand2_4)
                                         _013_ (net)
                  0.15    0.02    3.81 v _359_/A_N (sky130_fd_sc_hd__nand3b_4)
     4    0.09    0.19    0.26    4.08 v _359_/Y (sky130_fd_sc_hd__nand3b_4)
                                         _038_ (net)
                  0.19    0.00    4.08 v _438_/A2 (sky130_fd_sc_hd__a2111oi_4)
     2    0.02    0.28    0.37    4.45 ^ _438_/Y (sky130_fd_sc_hd__a2111oi_4)
                                         _115_ (net)
                  0.28    0.00    4.45 ^ wire29/A (sky130_fd_sc_hd__buf_2)
     2    0.03    0.11    0.17    4.62 ^ wire29/X (sky130_fd_sc_hd__buf_2)
                                         net29 (net)
                  0.11    0.00    4.63 ^ wire28/A (sky130_fd_sc_hd__clkbuf_2)
     1    0.03    0.13    0.16    4.79 ^ wire28/X (sky130_fd_sc_hd__clkbuf_2)
                                         net28 (net)
                  0.13    0.01    4.79 ^ _441_/A (sky130_fd_sc_hd__or2_4)
     1    0.04    0.11    0.16    4.95 ^ _441_/X (sky130_fd_sc_hd__or2_4)
                                         _118_ (net)
                  0.11    0.01    4.96 ^ _453_/B2 (sky130_fd_sc_hd__a22oi_4)
     1    0.04    0.12    0.08    5.04 v _453_/Y (sky130_fd_sc_hd__a22oi_4)
                                         net26 (net)
                  0.12    0.01    5.06 v output26/A (sky130_fd_sc_hd__buf_6)
     1    0.03    0.03    0.14    5.19 v output26/X (sky130_fd_sc_hd__buf_6)
                                         out[6] (net)
                  0.03    0.00    5.19 v out[6] (out)
                                  5.19   data arrival time

                  0.00   10.00   10.00   clock __VIRTUAL_CLK__ (rise edge)
                          0.00   10.00   clock network delay (ideal)
                         -0.25    9.75   clock uncertainty
                          0.00    9.75   clock reconvergence pessimism
                         -2.00    7.75   output external delay
                                  7.75   data required time
-----------------------------------------------------------------------------
                                  7.75   data required time
                                 -5.19   data arrival time
-----------------------------------------------------------------------------
                                  2.56   slack (MET)


Startpoint: B[1] (input port clocked by __VIRTUAL_CLK__)
Endpoint: out[5] (output port clocked by __VIRTUAL_CLK__)
Path Group: __VIRTUAL_CLK__
Path Type: max
Corner: Fastest

Fanout     Cap    Slew   Delay    Time   Description
-----------------------------------------------------------------------------
                  0.00    0.00    0.00   clock __VIRTUAL_CLK__ (rise edge)
                          0.00    0.00   clock network delay (ideal)
                          2.00    2.00 ^ input external delay
     1    0.01    0.04    0.02    2.02 ^ B[1] (in)
                                         B[1] (net)
                  0.04    0.00    2.02 ^ input10/A (sky130_fd_sc_hd__buf_8)
     5    0.11    0.14    0.13    2.15 ^ input10/X (sky130_fd_sc_hd__buf_8)
                                         net10 (net)
                  0.16    0.04    2.19 ^ _266_/A (sky130_fd_sc_hd__buf_12)
     5    0.12    0.11    0.14    2.33 ^ _266_/X (sky130_fd_sc_hd__buf_12)
                                         _196_ (net)
                  0.11    0.02    2.35 ^ _324_/A1 (sky130_fd_sc_hd__a22oi_4)
     2    0.03    0.08    0.08    2.43 v _324_/Y (sky130_fd_sc_hd__a22oi_4)
                                         _004_ (net)
                  0.08    0.01    2.44 v rebuffer7/A (sky130_fd_sc_hd__buf_6)
     2    0.02    0.02    0.10    2.54 v rebuffer7/X (sky130_fd_sc_hd__buf_6)
                                         net39 (net)
                  0.02    0.00    2.54 v rebuffer8/A (sky130_fd_sc_hd__dlymetal6s2s_1)
     1    0.02    0.09    0.14    2.69 v rebuffer8/X (sky130_fd_sc_hd__dlymetal6s2s_1)
                                         net40 (net)
                  0.09    0.00    2.69 v _326_/A1 (sky130_fd_sc_hd__o21ai_4)
     3    0.05    0.26    0.26    2.95 ^ _326_/Y (sky130_fd_sc_hd__o21ai_4)
                                         _006_ (net)
                  0.26    0.01    2.96 ^ _329_/A (sky130_fd_sc_hd__and3_1)
     2    0.02    0.15    0.21    3.17 ^ _329_/X (sky130_fd_sc_hd__and3_1)
                                         _009_ (net)
                  0.15    0.00    3.17 ^ _331_/A_N (sky130_fd_sc_hd__and2b_2)
     1    0.02    0.06    0.18    3.36 v _331_/X (sky130_fd_sc_hd__and2b_2)
                                         _011_ (net)
                  0.06    0.00    3.36 v _332_/B (sky130_fd_sc_hd__xnor2_4)
     2    0.06    0.33    0.29    3.65 ^ _332_/Y (sky130_fd_sc_hd__xnor2_4)
                                         _012_ (net)
                  0.34    0.01    3.66 ^ _333_/A (sky130_fd_sc_hd__nand2_4)
     3    0.07    0.15    0.14    3.80 v _333_/Y (sky130_fd_sc_hd__nand2_4)
                                         _013_ (net)
                  0.15    0.02    3.81 v _359_/A_N (sky130_fd_sc_hd__nand3b_4)
     4    0.09    0.19    0.26    4.08 v _359_/Y (sky130_fd_sc_hd__nand3b_4)
                                         _038_ (net)
                  0.20    0.02    4.10 v _403_/A2 (sky130_fd_sc_hd__a21o_4)
     2    0.08    0.09    0.27    4.37 v _403_/X (sky130_fd_sc_hd__a21o_4)
                                         _081_ (net)
                  0.09    0.01    4.38 v _408_/A2 (sky130_fd_sc_hd__a31o_1)
     1    0.01    0.06    0.19    4.57 v _408_/X (sky130_fd_sc_hd__a31o_1)
                                         _086_ (net)
                  0.06    0.00    4.57 v _409_/B1 (sky130_fd_sc_hd__a21oi_1)
     1    0.01    0.22    0.15    4.72 ^ _409_/Y (sky130_fd_sc_hd__a21oi_1)
                                         _087_ (net)
                  0.22    0.00    4.72 ^ _410_/B1 (sky130_fd_sc_hd__a21oi_2)
     1    0.03    0.08    0.07    4.79 v _410_/Y (sky130_fd_sc_hd__a21oi_2)
                                         net25 (net)
                  0.08    0.00    4.80 v output25/A (sky130_fd_sc_hd__buf_2)
     1    0.03    0.06    0.14    4.94 v output25/X (sky130_fd_sc_hd__buf_2)
                                         out[5] (net)
                  0.06    0.00    4.94 v out[5] (out)
                                  4.94   data arrival time

                  0.00   10.00   10.00   clock __VIRTUAL_CLK__ (rise edge)
                          0.00   10.00   clock network delay (ideal)
                         -0.25    9.75   clock uncertainty
                          0.00    9.75   clock reconvergence pessimism
                         -2.00    7.75   output external delay
                                  7.75   data required time
-----------------------------------------------------------------------------
                                  7.75   data required time
                                 -4.94   data arrival time
-----------------------------------------------------------------------------
                                  2.81   slack (MET)


Startpoint: B[1] (input port clocked by __VIRTUAL_CLK__)
Endpoint: out[4] (output port clocked by __VIRTUAL_CLK__)
Path Group: __VIRTUAL_CLK__
Path Type: max
Corner: Fastest

Fanout     Cap    Slew   Delay    Time   Description
-----------------------------------------------------------------------------
                  0.00    0.00    0.00   clock __VIRTUAL_CLK__ (rise edge)
                          0.00    0.00   clock network delay (ideal)
                          2.00    2.00 ^ input external delay
     1    0.01    0.04    0.02    2.02 ^ B[1] (in)
                                         B[1] (net)
                  0.04    0.00    2.02 ^ input10/A (sky130_fd_sc_hd__buf_8)
     5    0.11    0.14    0.13    2.15 ^ input10/X (sky130_fd_sc_hd__buf_8)
                                         net10 (net)
                  0.16    0.04    2.19 ^ _266_/A (sky130_fd_sc_hd__buf_12)
     5    0.12    0.11    0.14    2.33 ^ _266_/X (sky130_fd_sc_hd__buf_12)
                                         _196_ (net)
                  0.11    0.02    2.35 ^ _324_/A1 (sky130_fd_sc_hd__a22oi_4)
     2    0.03    0.08    0.08    2.43 v _324_/Y (sky130_fd_sc_hd__a22oi_4)
                                         _004_ (net)
                  0.08    0.01    2.44 v rebuffer7/A (sky130_fd_sc_hd__buf_6)
     2    0.02    0.02    0.10    2.54 v rebuffer7/X (sky130_fd_sc_hd__buf_6)
                                         net39 (net)
                  0.02    0.00    2.54 v rebuffer8/A (sky130_fd_sc_hd__dlymetal6s2s_1)
     1    0.02    0.09    0.14    2.69 v rebuffer8/X (sky130_fd_sc_hd__dlymetal6s2s_1)
                                         net40 (net)
                  0.09    0.00    2.69 v _326_/A1 (sky130_fd_sc_hd__o21ai_4)
     3    0.05    0.26    0.26    2.95 ^ _326_/Y (sky130_fd_sc_hd__o21ai_4)
                                         _006_ (net)
                  0.26    0.01    2.96 ^ _329_/A (sky130_fd_sc_hd__and3_1)
     2    0.02    0.15    0.21    3.17 ^ _329_/X (sky130_fd_sc_hd__and3_1)
                                         _009_ (net)
                  0.15    0.00    3.17 ^ _331_/A_N (sky130_fd_sc_hd__and2b_2)
     1    0.02    0.06    0.18    3.36 v _331_/X (sky130_fd_sc_hd__and2b_2)
                                         _011_ (net)
                  0.06    0.00    3.36 v _332_/B (sky130_fd_sc_hd__xnor2_4)
     2    0.06    0.33    0.29    3.65 ^ _332_/Y (sky130_fd_sc_hd__xnor2_4)
                                         _012_ (net)
                  0.34    0.01    3.66 ^ _333_/A (sky130_fd_sc_hd__nand2_4)
     3    0.07    0.15    0.14    3.80 v _333_/Y (sky130_fd_sc_hd__nand2_4)
                                         _013_ (net)
                  0.15    0.02    3.81 v _359_/A_N (sky130_fd_sc_hd__nand3b_4)
     4    0.09    0.19    0.26    4.08 v _359_/Y (sky130_fd_sc_hd__nand3b_4)
                                         _038_ (net)
                  0.20    0.02    4.10 v _360_/C (sky130_fd_sc_hd__and3_2)
     1    0.03    0.08    0.26    4.36 v _360_/X (sky130_fd_sc_hd__and3_2)
                                         _039_ (net)
                  0.08    0.01    4.37 v _373_/B1 (sky130_fd_sc_hd__o2bb2a_2)
     2    0.04    0.09    0.24    4.61 v _373_/X (sky130_fd_sc_hd__o2bb2a_2)
                                         net24 (net)
                  0.09    0.01    4.62 v output24/A (sky130_fd_sc_hd__buf_2)
     1    0.03    0.06    0.15    4.76 v output24/X (sky130_fd_sc_hd__buf_2)
                                         out[4] (net)
                  0.06    0.00    4.77 v out[4] (out)
                                  4.77   data arrival time

                  0.00   10.00   10.00   clock __VIRTUAL_CLK__ (rise edge)
                          0.00   10.00   clock network delay (ideal)
                         -0.25    9.75   clock uncertainty
                          0.00    9.75   clock reconvergence pessimism
                         -2.00    7.75   output external delay
                                  7.75   data required time
-----------------------------------------------------------------------------
                                  7.75   data required time
                                 -4.77   data arrival time
-----------------------------------------------------------------------------
                                  2.98   slack (MET)


Startpoint: B[1] (input port clocked by __VIRTUAL_CLK__)
Endpoint: out[3] (output port clocked by __VIRTUAL_CLK__)
Path Group: __VIRTUAL_CLK__
Path Type: max
Corner: Fastest

Fanout     Cap    Slew   Delay    Time   Description
-----------------------------------------------------------------------------
                  0.00    0.00    0.00   clock __VIRTUAL_CLK__ (rise edge)
                          0.00    0.00   clock network delay (ideal)
                          2.00    2.00 v input external delay
     1    0.01    0.01    0.01    2.01 v B[1] (in)
                                         B[1] (net)
                  0.01    0.00    2.01 v input10/A (sky130_fd_sc_hd__buf_8)
     5    0.11    0.06    0.10    2.11 v input10/X (sky130_fd_sc_hd__buf_8)
                                         net10 (net)
                  0.10    0.04    2.15 v _266_/A (sky130_fd_sc_hd__buf_12)
     5    0.11    0.05    0.14    2.29 v _266_/X (sky130_fd_sc_hd__buf_12)
                                         _196_ (net)
                  0.06    0.01    2.30 v _267_/A (sky130_fd_sc_hd__clkbuf_8)
    10    0.13    0.10    0.16    2.46 v _267_/X (sky130_fd_sc_hd__clkbuf_8)
                                         _197_ (net)
                  0.12    0.04    2.49 v _298_/A2 (sky130_fd_sc_hd__o21a_4)
     3    0.08    0.09    0.23    2.72 v _298_/X (sky130_fd_sc_hd__o21a_4)
                                         _227_ (net)
                  0.09    0.01    2.73 v _299_/B (sky130_fd_sc_hd__xnor2_4)
     2    0.07    0.40    0.35    3.08 ^ _299_/Y (sky130_fd_sc_hd__xnor2_4)
                                         _228_ (net)
                  0.40    0.01    3.09 ^ _300_/B (sky130_fd_sc_hd__xor2_4)
     3    0.09    0.47    0.37    3.46 ^ _300_/X (sky130_fd_sc_hd__xor2_4)
                                         _229_ (net)
                  0.47    0.02    3.48 ^ _312_/A1 (sky130_fd_sc_hd__a21o_4)
     5    0.10    0.21    0.22    3.70 ^ _312_/X (sky130_fd_sc_hd__a21o_4)
                                         _240_ (net)
                  0.21    0.02    3.72 ^ _318_/A (sky130_fd_sc_hd__and3_2)
     1    0.04    0.16    0.24    3.96 ^ _318_/X (sky130_fd_sc_hd__and3_2)
                                         _246_ (net)
                  0.16    0.01    3.97 ^ _320_/A_N (sky130_fd_sc_hd__and3b_2)
     1    0.05    0.10    0.22    4.19 v _320_/X (sky130_fd_sc_hd__and3b_2)
                                         _000_ (net)
                  0.11    0.01    4.20 v _339_/B1 (sky130_fd_sc_hd__o2bb2a_1)
     2    0.03    0.11    0.29    4.50 v _339_/X (sky130_fd_sc_hd__o2bb2a_1)
                                         net23 (net)
                  0.11    0.00    4.50 v output23/A (sky130_fd_sc_hd__buf_2)
     1    0.03    0.06    0.16    4.66 v output23/X (sky130_fd_sc_hd__buf_2)
                                         out[3] (net)
                  0.06    0.00    4.66 v out[3] (out)
                                  4.66   data arrival time

                  0.00   10.00   10.00   clock __VIRTUAL_CLK__ (rise edge)
                          0.00   10.00   clock network delay (ideal)
                         -0.25    9.75   clock uncertainty
                          0.00    9.75   clock reconvergence pessimism
                         -2.00    7.75   output external delay
                                  7.75   data required time
-----------------------------------------------------------------------------
                                  7.75   data required time
                                 -4.66   data arrival time
-----------------------------------------------------------------------------
                                  3.09   slack (MET)


Startpoint: B[1] (input port clocked by __VIRTUAL_CLK__)
Endpoint: out[2] (output port clocked by __VIRTUAL_CLK__)
Path Group: __VIRTUAL_CLK__
Path Type: max
Corner: Fastest

Fanout     Cap    Slew   Delay    Time   Description
-----------------------------------------------------------------------------
                  0.00    0.00    0.00   clock __VIRTUAL_CLK__ (rise edge)
                          0.00    0.00   clock network delay (ideal)
                          2.00    2.00 v input external delay
     1    0.01    0.01    0.01    2.01 v B[1] (in)
                                         B[1] (net)
                  0.01    0.00    2.01 v input10/A (sky130_fd_sc_hd__buf_8)
     5    0.11    0.06    0.10    2.11 v input10/X (sky130_fd_sc_hd__buf_8)
                                         net10 (net)
                  0.10    0.04    2.15 v _266_/A (sky130_fd_sc_hd__buf_12)
     5    0.11    0.05    0.14    2.29 v _266_/X (sky130_fd_sc_hd__buf_12)
                                         _196_ (net)
                  0.06    0.01    2.30 v _267_/A (sky130_fd_sc_hd__clkbuf_8)
    10    0.13    0.10    0.16    2.46 v _267_/X (sky130_fd_sc_hd__clkbuf_8)
                                         _197_ (net)
                  0.12    0.04    2.49 v _298_/A2 (sky130_fd_sc_hd__o21a_4)
     3    0.08    0.09    0.23    2.72 v _298_/X (sky130_fd_sc_hd__o21a_4)
                                         _227_ (net)
                  0.09    0.01    2.73 v _299_/B (sky130_fd_sc_hd__xnor2_4)
     2    0.07    0.40    0.35    3.08 ^ _299_/Y (sky130_fd_sc_hd__xnor2_4)
                                         _228_ (net)
                  0.40    0.01    3.09 ^ _300_/B (sky130_fd_sc_hd__xor2_4)
     3    0.09    0.47    0.37    3.46 ^ _300_/X (sky130_fd_sc_hd__xor2_4)
                                         _229_ (net)
                  0.47    0.00    3.46 ^ _302_/A (sky130_fd_sc_hd__nand2_2)
     1    0.05    0.20    0.18    3.65 v _302_/Y (sky130_fd_sc_hd__nand2_2)
                                         _231_ (net)
                  0.20    0.01    3.66 v _308_/A1 (sky130_fd_sc_hd__a211o_1)
     1    0.04    0.13    0.32    3.98 v _308_/X (sky130_fd_sc_hd__a211o_1)
                                         _237_ (net)
                  0.13    0.01    3.99 v _309_/B2 (sky130_fd_sc_hd__o2bb2a_2)
     2    0.06    0.12    0.29    4.28 v _309_/X (sky130_fd_sc_hd__o2bb2a_2)
                                         net22 (net)
                  0.12    0.01    4.29 v output22/A (sky130_fd_sc_hd__buf_2)
     1    0.03    0.06    0.16    4.45 v output22/X (sky130_fd_sc_hd__buf_2)
                                         out[2] (net)
                  0.06    0.00    4.45 v out[2] (out)
                                  4.45   data arrival time

                  0.00   10.00   10.00   clock __VIRTUAL_CLK__ (rise edge)
                          0.00   10.00   clock network delay (ideal)
                         -0.25    9.75   clock uncertainty
                          0.00    9.75   clock reconvergence pessimism
                         -2.00    7.75   output external delay
                                  7.75   data required time
-----------------------------------------------------------------------------
                                  7.75   data required time
                                 -4.45   data arrival time
-----------------------------------------------------------------------------
                                  3.30   slack (MET)


Startpoint: opcode[0] (input port clocked by __VIRTUAL_CLK__)
Endpoint: out[1] (output port clocked by __VIRTUAL_CLK__)
Path Group: __VIRTUAL_CLK__
Path Type: max
Corner: Fastest

Fanout     Cap    Slew   Delay    Time   Description
-----------------------------------------------------------------------------
                  0.00    0.00    0.00   clock __VIRTUAL_CLK__ (rise edge)
                          0.00    0.00   clock network delay (ideal)
                          2.00    2.00 v input external delay
     1    0.00    0.01    0.00    2.00 v opcode[0] (in)
                                         opcode[0] (net)
                  0.01    0.00    2.00 v input17/A (sky130_fd_sc_hd__clkbuf_8)
     6    0.12    0.09    0.14    2.14 v input17/X (sky130_fd_sc_hd__clkbuf_8)
                                         net17 (net)
                  0.10    0.01    2.16 v _275_/A_N (sky130_fd_sc_hd__nand3b_4)
     4    0.04    0.11    0.17    2.33 v _275_/Y (sky130_fd_sc_hd__nand3b_4)
                                         _205_ (net)
                  0.11    0.00    2.33 v max_cap32/A (sky130_fd_sc_hd__buf_6)
     5    0.09    0.06    0.15    2.48 v max_cap32/X (sky130_fd_sc_hd__buf_6)
                                         net32 (net)
                  0.07    0.02    2.50 v _276_/A2 (sky130_fd_sc_hd__a21oi_2)
     2    0.03    0.28    0.26    2.76 ^ _276_/Y (sky130_fd_sc_hd__a21oi_2)
                                         _206_ (net)
                  0.28    0.00    2.76 ^ _279_/B (sky130_fd_sc_hd__or3_4)
     2    0.04    0.10    0.18    2.94 ^ _279_/X (sky130_fd_sc_hd__or3_4)
                                         _209_ (net)
                  0.10    0.00    2.94 ^ _280_/B_N (sky130_fd_sc_hd__or2b_1)
     1    0.03    0.11    0.23    3.17 v _280_/X (sky130_fd_sc_hd__or2b_1)
                                         _210_ (net)
                  0.11    0.00    3.17 v _281_/B (sky130_fd_sc_hd__xnor2_1)
     1    0.01    0.07    0.13    3.31 v _281_/Y (sky130_fd_sc_hd__xnor2_1)
                                         _211_ (net)
                  0.07    0.00    3.31 v _286_/A2 (sky130_fd_sc_hd__a211o_2)
     1    0.05    0.11    0.32    3.62 v _286_/X (sky130_fd_sc_hd__a211o_2)
                                         _216_ (net)
                  0.11    0.01    3.64 v _287_/B2 (sky130_fd_sc_hd__o2bb2a_2)
     7    0.07    0.14    0.29    3.93 v _287_/X (sky130_fd_sc_hd__o2bb2a_2)
                                         net21 (net)
                  0.15    0.03    3.95 v output21/A (sky130_fd_sc_hd__buf_2)
     1    0.03    0.06    0.17    4.12 v output21/X (sky130_fd_sc_hd__buf_2)
                                         out[1] (net)
                  0.06    0.00    4.12 v out[1] (out)
                                  4.12   data arrival time

                  0.00   10.00   10.00   clock __VIRTUAL_CLK__ (rise edge)
                          0.00   10.00   clock network delay (ideal)
                         -0.25    9.75   clock uncertainty
                          0.00    9.75   clock reconvergence pessimism
                         -2.00    7.75   output external delay
                                  7.75   data required time
-----------------------------------------------------------------------------
                                  7.75   data required time
                                 -4.12   data arrival time
-----------------------------------------------------------------------------
                                  3.63   slack (MET)


Startpoint: opcode[0] (input port clocked by __VIRTUAL_CLK__)
Endpoint: out[0] (output port clocked by __VIRTUAL_CLK__)
Path Group: __VIRTUAL_CLK__
Path Type: max
Corner: Fastest

Fanout     Cap    Slew   Delay    Time   Description
-----------------------------------------------------------------------------
                  0.00    0.00    0.00   clock __VIRTUAL_CLK__ (rise edge)
                          0.00    0.00   clock network delay (ideal)
                          2.00    2.00 v input external delay
     1    0.00    0.01    0.00    2.00 v opcode[0] (in)
                                         opcode[0] (net)
                  0.01    0.00    2.00 v input17/A (sky130_fd_sc_hd__clkbuf_8)
     6    0.12    0.09    0.14    2.14 v input17/X (sky130_fd_sc_hd__clkbuf_8)
                                         net17 (net)
                  0.10    0.02    2.17 v _249_/A (sky130_fd_sc_hd__or2_4)
     5    0.13    0.14    0.29    2.45 v _249_/X (sky130_fd_sc_hd__or2_4)
                                         _180_ (net)
                  0.15    0.03    2.48 v _258_/B (sky130_fd_sc_hd__nor2_8)
     9    0.14    0.37    0.33    2.82 ^ _258_/Y (sky130_fd_sc_hd__nor2_8)
                                         _189_ (net)
                  0.37    0.01    2.83 ^ _260_/A1 (sky130_fd_sc_hd__o211a_4)
     2    0.09    0.20    0.26    3.08 ^ _260_/X (sky130_fd_sc_hd__o211a_4)
                                         _191_ (net)
                  0.20    0.01    3.10 ^ _261_/B1 (sky130_fd_sc_hd__a31o_2)
     1    0.06    0.28    0.26    3.35 ^ _261_/X (sky130_fd_sc_hd__a31o_2)
                                         _192_ (net)
                  0.28    0.01    3.36 ^ _262_/B2 (sky130_fd_sc_hd__a2bb2o_2)
     2    0.04    0.18    0.25    3.61 ^ _262_/X (sky130_fd_sc_hd__a2bb2o_2)
                                         net20 (net)
                  0.18    0.01    3.62 ^ output20/A (sky130_fd_sc_hd__buf_2)
     1    0.03    0.13    0.17    3.80 ^ output20/X (sky130_fd_sc_hd__buf_2)
                                         out[0] (net)
                  0.13    0.00    3.80 ^ out[0] (out)
                                  3.80   data arrival time

                  0.00   10.00   10.00   clock __VIRTUAL_CLK__ (rise edge)
                          0.00   10.00   clock network delay (ideal)
                         -0.25    9.75   clock uncertainty
                          0.00    9.75   clock reconvergence pessimism
                         -2.00    7.75   output external delay
                                  7.75   data required time
-----------------------------------------------------------------------------
                                  7.75   data required time
                                 -3.80   data arrival time
-----------------------------------------------------------------------------
                                  3.95   slack (MET)



worst slack corner Fastest: 2.4747
======================= Slowest Corner ===================================

Startpoint: A[5] (input port clocked by __VIRTUAL_CLK__)
Endpoint: out[7] (output port clocked by __VIRTUAL_CLK__)
Path Group: __VIRTUAL_CLK__
Path Type: max
Corner: Slowest

Fanout     Cap    Slew   Delay    Time   Description
-----------------------------------------------------------------------------
                  0.00    0.00    0.00   clock __VIRTUAL_CLK__ (rise edge)
                          0.00    0.00   clock network delay (ideal)
                          2.00    2.00 ^ input external delay
     1    0.00    0.03    0.02    2.02 ^ A[5] (in)
                                         A[5] (net)
                  0.03    0.00    2.02 ^ input6/A (sky130_fd_sc_hd__buf_4)
     3    0.10    0.45    0.48    2.50 ^ input6/X (sky130_fd_sc_hd__buf_4)
                                         net6 (net)
                  0.45    0.02    2.52 ^ _374_/A (sky130_fd_sc_hd__buf_12)
    10    0.18    0.33    0.53    3.05 ^ _374_/X (sky130_fd_sc_hd__buf_12)
                                         _052_ (net)
                  0.33    0.02    3.08 ^ _416_/C (sky130_fd_sc_hd__nand4_4)
     3    0.06    0.59    0.66    3.73 v _416_/Y (sky130_fd_sc_hd__nand4_4)
                                         _093_ (net)
                  0.59    0.01    3.74 v _474_/B1_N (sky130_fd_sc_hd__a21bo_2)
     1    0.05    0.38    0.90    4.64 ^ _474_/X (sky130_fd_sc_hd__a21bo_2)
                                         _150_ (net)
                  0.38    0.01    4.65 ^ _476_/B (sky130_fd_sc_hd__xor2_4)
     2    0.08    0.91    0.92    5.57 ^ _476_/X (sky130_fd_sc_hd__xor2_4)
                                         _152_ (net)
                  0.91    0.01    5.58 ^ _478_/A (sky130_fd_sc_hd__nand3_4)
     2    0.05    0.44    0.63    6.22 v _478_/Y (sky130_fd_sc_hd__nand3_4)
                                         _154_ (net)
                  0.44    0.01    6.23 v _486_/A2 (sky130_fd_sc_hd__a21o_4)
     2    0.07    0.19    0.71    6.94 v _486_/X (sky130_fd_sc_hd__a21o_4)
                                         _162_ (net)
                  0.19    0.01    6.94 v _489_/A1 (sky130_fd_sc_hd__a21o_2)
     2    0.03    0.19    0.56    7.50 v _489_/X (sky130_fd_sc_hd__a21o_2)
                                         _165_ (net)
                  0.19    0.00    7.50 v _492_/A1 (sky130_fd_sc_hd__a21oi_4)
     2    0.08    0.87    0.84    8.34 ^ _492_/Y (sky130_fd_sc_hd__a21oi_4)
                                         _168_ (net)
                  0.87    0.01    8.35 ^ _494_/B (sky130_fd_sc_hd__or3_4)
     2    0.04    0.21    0.67    9.02 ^ _494_/X (sky130_fd_sc_hd__or3_4)
                                         _170_ (net)
                  0.21    0.01    9.03 ^ rebuffer3/A (sky130_fd_sc_hd__clkbuf_2)
     1    0.04    0.35    0.48    9.50 ^ rebuffer3/X (sky130_fd_sc_hd__clkbuf_2)
                                         net35 (net)
                  0.35    0.01    9.51 ^ _497_/A1 (sky130_fd_sc_hd__a21oi_4)
     1    0.03    0.19    0.29    9.81 v _497_/Y (sky130_fd_sc_hd__a21oi_4)
                                         _173_ (net)
                  0.19    0.01    9.81 v _498_/A1 (sky130_fd_sc_hd__o21a_1)
     1    0.01    0.14    0.49   10.30 v _498_/X (sky130_fd_sc_hd__o21a_1)
                                         _174_ (net)
                  0.14    0.00   10.30 v _503_/A3 (sky130_fd_sc_hd__o32a_4)
     1    0.04    0.20    0.74   11.04 v _503_/X (sky130_fd_sc_hd__o32a_4)
                                         net27 (net)
                  0.20    0.01   11.04 v output27/A (sky130_fd_sc_hd__buf_8)
     1    0.03    0.07    0.32   11.36 v output27/X (sky130_fd_sc_hd__buf_8)
                                         out[7] (net)
                  0.07    0.00   11.36 v out[7] (out)
                                 11.36   data arrival time

                  0.00   10.00   10.00   clock __VIRTUAL_CLK__ (rise edge)
                          0.00   10.00   clock network delay (ideal)
                         -0.25    9.75   clock uncertainty
                          0.00    9.75   clock reconvergence pessimism
                         -2.00    7.75   output external delay
                                  7.75   data required time
-----------------------------------------------------------------------------
                                  7.75   data required time
                                -11.36   data arrival time
-----------------------------------------------------------------------------
                                 -3.61   slack (VIOLATED)


Startpoint: B[3] (input port clocked by __VIRTUAL_CLK__)
Endpoint: out[6] (output port clocked by __VIRTUAL_CLK__)
Path Group: __VIRTUAL_CLK__
Path Type: max
Corner: Slowest

Fanout     Cap    Slew   Delay    Time   Description
-----------------------------------------------------------------------------
                  0.00    0.00    0.00   clock __VIRTUAL_CLK__ (rise edge)
                          0.00    0.00   clock network delay (ideal)
                          2.00    2.00 ^ input external delay
     1    0.01    0.08    0.06    2.06 ^ B[3] (in)
                                         B[3] (net)
                  0.08    0.00    2.06 ^ input12/A (sky130_fd_sc_hd__buf_12)
     7    0.08    0.17    0.26    2.32 ^ input12/X (sky130_fd_sc_hd__buf_12)
                                         net12 (net)
                  0.17    0.00    2.32 ^ rebuffer28/A (sky130_fd_sc_hd__dlymetal6s4s_1)
     1    0.03    0.43    0.63    2.96 ^ rebuffer28/X (sky130_fd_sc_hd__dlymetal6s4s_1)
                                         net60 (net)
                  0.43    0.00    2.96 ^ _425_/B (sky130_fd_sc_hd__and3_4)
     1    0.08    0.39    0.81    3.77 ^ _425_/X (sky130_fd_sc_hd__and3_4)
                                         _102_ (net)
                  0.39    0.03    3.80 ^ _427_/A2 (sky130_fd_sc_hd__a21bo_4)
     1    0.08    0.41    0.63    4.43 ^ _427_/X (sky130_fd_sc_hd__a21bo_4)
                                         _104_ (net)
                  0.41    0.03    4.46 ^ _428_/B (sky130_fd_sc_hd__xor2_4)
     2    0.06    0.64    0.73    5.18 ^ _428_/X (sky130_fd_sc_hd__xor2_4)
                                         _105_ (net)
                  0.64    0.01    5.19 ^ _430_/A (sky130_fd_sc_hd__nand3_4)
     3    0.07    0.52    0.67    5.86 v _430_/Y (sky130_fd_sc_hd__nand3_4)
                                         _107_ (net)
                  0.52    0.01    5.87 v _433_/A2 (sky130_fd_sc_hd__a21o_4)
     3    0.09    0.24    0.79    6.67 v _433_/X (sky130_fd_sc_hd__a21o_4)
                                         _110_ (net)
                  0.24    0.02    6.69 v _435_/A2 (sky130_fd_sc_hd__a21oi_4)
     3    0.07    0.82    0.84    7.52 ^ _435_/Y (sky130_fd_sc_hd__a21oi_4)
                                         _112_ (net)
                  0.82    0.02    7.55 ^ _437_/A2 (sky130_fd_sc_hd__o211a_2)
     2    0.04    0.36    0.86    8.41 ^ _437_/X (sky130_fd_sc_hd__o211a_2)
                                         _114_ (net)
                  0.36    0.01    8.41 ^ _438_/D1 (sky130_fd_sc_hd__a2111oi_4)
     2    0.02    0.18    0.18    8.60 v _438_/Y (sky130_fd_sc_hd__a2111oi_4)
                                         _115_ (net)
                  0.18    0.00    8.60 v wire29/A (sky130_fd_sc_hd__buf_2)
     2    0.03    0.14    0.40    8.99 v wire29/X (sky130_fd_sc_hd__buf_2)
                                         net29 (net)
                  0.14    0.00    9.00 v wire28/A (sky130_fd_sc_hd__clkbuf_2)
     1    0.03    0.22    0.37    9.37 v wire28/X (sky130_fd_sc_hd__clkbuf_2)
                                         net28 (net)
                  0.22    0.01    9.37 v _441_/A (sky130_fd_sc_hd__or2_4)
     1    0.04    0.17    0.68   10.05 v _441_/X (sky130_fd_sc_hd__or2_4)
                                         _118_ (net)
                  0.17    0.01   10.06 v _453_/B2 (sky130_fd_sc_hd__a22oi_4)
     1    0.05    0.58    0.59   10.65 ^ _453_/Y (sky130_fd_sc_hd__a22oi_4)
                                         net26 (net)
                  0.58    0.01   10.67 ^ output26/A (sky130_fd_sc_hd__buf_6)
     1    0.03    0.13    0.44   11.10 ^ output26/X (sky130_fd_sc_hd__buf_6)
                                         out[6] (net)
                  0.13    0.00   11.10 ^ out[6] (out)
                                 11.10   data arrival time

                  0.00   10.00   10.00   clock __VIRTUAL_CLK__ (rise edge)
                          0.00   10.00   clock network delay (ideal)
                         -0.25    9.75   clock uncertainty
                          0.00    9.75   clock reconvergence pessimism
                         -2.00    7.75   output external delay
                                  7.75   data required time
-----------------------------------------------------------------------------
                                  7.75   data required time
                                -11.10   data arrival time
-----------------------------------------------------------------------------
                                 -3.35   slack (VIOLATED)


Startpoint: A[4] (input port clocked by __VIRTUAL_CLK__)
Endpoint: out[5] (output port clocked by __VIRTUAL_CLK__)
Path Group: __VIRTUAL_CLK__
Path Type: max
Corner: Slowest

Fanout     Cap    Slew   Delay    Time   Description
-----------------------------------------------------------------------------
                  0.00    0.00    0.00   clock __VIRTUAL_CLK__ (rise edge)
                          0.00    0.00   clock network delay (ideal)
                          2.00    2.00 ^ input external delay
     1    0.00    0.03    0.02    2.02 ^ A[4] (in)
                                         A[4] (net)
                  0.03    0.00    2.02 ^ input5/A (sky130_fd_sc_hd__buf_4)
     4    0.08    0.37    0.43    2.45 ^ input5/X (sky130_fd_sc_hd__buf_4)
                                         net5 (net)
                  0.37    0.01    2.46 ^ _340_/A (sky130_fd_sc_hd__buf_12)
    10    0.15    0.28    0.44    2.90 ^ _340_/X (sky130_fd_sc_hd__buf_12)
                                         _019_ (net)
                  0.28    0.02    2.93 ^ _382_/C (sky130_fd_sc_hd__nand4_4)
     2    0.04    0.41    0.49    3.42 v _382_/Y (sky130_fd_sc_hd__nand4_4)
                                         _060_ (net)
                  0.41    0.01    3.42 v rebuffer6/A (sky130_fd_sc_hd__buf_6)
     2    0.03    0.07    0.42    3.84 v rebuffer6/X (sky130_fd_sc_hd__buf_6)
                                         net38 (net)
                  0.07    0.00    3.84 v _386_/B (sky130_fd_sc_hd__nand3_4)
     2    0.03    0.21    0.21    4.06 ^ _386_/Y (sky130_fd_sc_hd__nand3_4)
                                         _064_ (net)
                  0.21    0.01    4.06 ^ _389_/A1 (sky130_fd_sc_hd__a21o_4)
     3    0.09    0.38    0.54    4.60 ^ _389_/X (sky130_fd_sc_hd__a21o_4)
                                         _067_ (net)
                  0.38    0.01    4.61 ^ _396_/C (sky130_fd_sc_hd__nand3_4)
     3    0.09    0.66    0.67    5.29 v _396_/Y (sky130_fd_sc_hd__nand3_4)
                                         _074_ (net)
                  0.66    0.03    5.32 v _398_/B (sky130_fd_sc_hd__and3_4)
     2    0.05    0.15    0.72    6.04 v _398_/X (sky130_fd_sc_hd__and3_4)
                                         _076_ (net)
                  0.15    0.01    6.05 v _401_/C (sky130_fd_sc_hd__or3_4)
     4    0.03    0.18    0.82    6.88 v _401_/X (sky130_fd_sc_hd__or3_4)
                                         _079_ (net)
                  0.18    0.00    6.88 v rebuffer2/A (sky130_fd_sc_hd__dlygate4sd1_1)
     1    0.03    0.24    0.72    7.60 v rebuffer2/X (sky130_fd_sc_hd__dlygate4sd1_1)
                                         net34 (net)
                  0.24    0.00    7.61 v _402_/B (sky130_fd_sc_hd__nand2_4)
     3    0.08    0.40    0.44    8.04 ^ _402_/Y (sky130_fd_sc_hd__nand2_4)
                                         _080_ (net)
                  0.40    0.02    8.06 ^ _404_/C (sky130_fd_sc_hd__nand3_2)
     2    0.04    0.57    0.65    8.71 v _404_/Y (sky130_fd_sc_hd__nand3_2)
                                         _082_ (net)
                  0.58    0.01    8.72 v _408_/A3 (sky130_fd_sc_hd__a31o_1)
     1    0.01    0.15    0.72    9.44 v _408_/X (sky130_fd_sc_hd__a31o_1)
                                         _086_ (net)
                  0.15    0.00    9.44 v _409_/B1 (sky130_fd_sc_hd__a21oi_1)
     1    0.01    0.50    0.49    9.93 ^ _409_/Y (sky130_fd_sc_hd__a21oi_1)
                                         _087_ (net)
                  0.50    0.00    9.93 ^ _410_/B1 (sky130_fd_sc_hd__a21oi_2)
     1    0.03    0.23    0.30   10.23 v _410_/Y (sky130_fd_sc_hd__a21oi_2)
                                         net25 (net)
                  0.23    0.00   10.24 v output25/A (sky130_fd_sc_hd__buf_2)
     1    0.03    0.17    0.44   10.68 v output25/X (sky130_fd_sc_hd__buf_2)
                                         out[5] (net)
                  0.17    0.00   10.68 v out[5] (out)
                                 10.68   data arrival time

                  0.00   10.00   10.00   clock __VIRTUAL_CLK__ (rise edge)
                          0.00   10.00   clock network delay (ideal)
                         -0.25    9.75   clock uncertainty
                          0.00    9.75   clock reconvergence pessimism
                         -2.00    7.75   output external delay
                                  7.75   data required time
-----------------------------------------------------------------------------
                                  7.75   data required time
                                -10.68   data arrival time
-----------------------------------------------------------------------------
                                 -2.93   slack (VIOLATED)


Startpoint: A[3] (input port clocked by __VIRTUAL_CLK__)
Endpoint: out[4] (output port clocked by __VIRTUAL_CLK__)
Path Group: __VIRTUAL_CLK__
Path Type: max
Corner: Slowest

Fanout     Cap    Slew   Delay    Time   Description
-----------------------------------------------------------------------------
                  0.00    0.00    0.00   clock __VIRTUAL_CLK__ (rise edge)
                          0.00    0.00   clock network delay (ideal)
                          2.00    2.00 ^ input external delay
     1    0.00    0.05    0.03    2.03 ^ A[3] (in)
                                         A[3] (net)
                  0.05    0.00    2.03 ^ input4/A (sky130_fd_sc_hd__clkbuf_8)
     8    0.14    0.38    0.46    2.49 ^ input4/X (sky130_fd_sc_hd__clkbuf_8)
                                         net4 (net)
                  0.38    0.02    2.51 ^ _310_/A (sky130_fd_sc_hd__buf_12)
     5    0.10    0.19    0.40    2.92 ^ _310_/X (sky130_fd_sc_hd__buf_12)
                                         _238_ (net)
                  0.19    0.01    2.92 ^ _324_/B1 (sky130_fd_sc_hd__a22oi_4)
     2    0.03    0.20    0.22    3.14 v _324_/Y (sky130_fd_sc_hd__a22oi_4)
                                         _004_ (net)
                  0.20    0.01    3.15 v rebuffer7/A (sky130_fd_sc_hd__buf_6)
     2    0.02    0.05    0.30    3.44 v rebuffer7/X (sky130_fd_sc_hd__buf_6)
                                         net39 (net)
                  0.05    0.00    3.45 v rebuffer8/A (sky130_fd_sc_hd__dlymetal6s2s_1)
     1    0.03    0.25    0.45    3.89 v rebuffer8/X (sky130_fd_sc_hd__dlymetal6s2s_1)
                                         net40 (net)
                  0.25    0.00    3.90 v _326_/A1 (sky130_fd_sc_hd__o21ai_4)
     3    0.05    0.55    0.64    4.53 ^ _326_/Y (sky130_fd_sc_hd__o21ai_4)
                                         _006_ (net)
                  0.55    0.01    4.54 ^ _329_/A (sky130_fd_sc_hd__and3_1)
     2    0.02    0.30    0.67    5.21 ^ _329_/X (sky130_fd_sc_hd__and3_1)
                                         _009_ (net)
                  0.30    0.00    5.22 ^ _331_/A_N (sky130_fd_sc_hd__and2b_2)
     1    0.02    0.15    0.66    5.88 v _331_/X (sky130_fd_sc_hd__and2b_2)
                                         _011_ (net)
                  0.15    0.00    5.88 v _332_/B (sky130_fd_sc_hd__xnor2_4)
     2    0.06    0.68    0.65    6.53 ^ _332_/Y (sky130_fd_sc_hd__xnor2_4)
                                         _012_ (net)
                  0.68    0.01    6.55 ^ _333_/A (sky130_fd_sc_hd__nand2_4)
     3    0.07    0.36    0.52    7.06 v _333_/Y (sky130_fd_sc_hd__nand2_4)
                                         _013_ (net)
                  0.37    0.02    7.08 v _359_/A_N (sky130_fd_sc_hd__nand3b_4)
     4    0.09    0.60    0.83    7.91 v _359_/Y (sky130_fd_sc_hd__nand3b_4)
                                         _038_ (net)
                  0.60    0.02    7.93 v _360_/C (sky130_fd_sc_hd__and3_2)
     1    0.03    0.19    0.89    8.82 v _360_/X (sky130_fd_sc_hd__and3_2)
                                         _039_ (net)
                  0.19    0.01    8.83 v _373_/B1 (sky130_fd_sc_hd__o2bb2a_2)
     2    0.04    0.23    0.78    9.61 v _373_/X (sky130_fd_sc_hd__o2bb2a_2)
                                         net24 (net)
                  0.23    0.01    9.62 v output24/A (sky130_fd_sc_hd__buf_2)
     1    0.03    0.17    0.44   10.06 v output24/X (sky130_fd_sc_hd__buf_2)
                                         out[4] (net)
                  0.17    0.00   10.06 v out[4] (out)
                                 10.06   data arrival time

                  0.00   10.00   10.00   clock __VIRTUAL_CLK__ (rise edge)
                          0.00   10.00   clock network delay (ideal)
                         -0.25    9.75   clock uncertainty
                          0.00    9.75   clock reconvergence pessimism
                         -2.00    7.75   output external delay
                                  7.75   data required time
-----------------------------------------------------------------------------
                                  7.75   data required time
                                -10.06   data arrival time
-----------------------------------------------------------------------------
                                 -2.31   slack (VIOLATED)


Startpoint: opcode[0] (input port clocked by __VIRTUAL_CLK__)
Endpoint: out[3] (output port clocked by __VIRTUAL_CLK__)
Path Group: __VIRTUAL_CLK__
Path Type: max
Corner: Slowest

Fanout     Cap    Slew   Delay    Time   Description
-----------------------------------------------------------------------------
                  0.00    0.00    0.00   clock __VIRTUAL_CLK__ (rise edge)
                          0.00    0.00   clock network delay (ideal)
                          2.00    2.00 v input external delay
     1    0.00    0.03    0.02    2.02 v opcode[0] (in)
                                         opcode[0] (net)
                  0.03    0.00    2.02 v input17/A (sky130_fd_sc_hd__clkbuf_8)
     6    0.12    0.23    0.38    2.39 v input17/X (sky130_fd_sc_hd__clkbuf_8)
                                         net17 (net)
                  0.23    0.01    2.41 v _275_/A_N (sky130_fd_sc_hd__nand3b_4)
     4    0.04    0.29    0.52    2.93 v _275_/Y (sky130_fd_sc_hd__nand3b_4)
                                         _205_ (net)
                  0.29    0.00    2.93 v rebuffer18/A (sky130_fd_sc_hd__dlymetal6s2s_1)
     2    0.02    0.19    0.51    3.44 v rebuffer18/X (sky130_fd_sc_hd__dlymetal6s2s_1)
                                         net50 (net)
                  0.19    0.00    3.45 v _298_/B1 (sky130_fd_sc_hd__o21a_4)
     3    0.08    0.23    0.44    3.89 v _298_/X (sky130_fd_sc_hd__o21a_4)
                                         _227_ (net)
                  0.23    0.01    3.90 v _299_/B (sky130_fd_sc_hd__xnor2_4)
     2    0.07    0.83    0.80    4.70 ^ _299_/Y (sky130_fd_sc_hd__xnor2_4)
                                         _228_ (net)
                  0.83    0.01    4.71 ^ _300_/B (sky130_fd_sc_hd__xor2_4)
     3    0.09    0.97    1.05    5.76 ^ _300_/X (sky130_fd_sc_hd__xor2_4)
                                         _229_ (net)
                  0.97    0.02    5.78 ^ _312_/A1 (sky130_fd_sc_hd__a21o_4)
     5    0.10    0.44    0.84    6.62 ^ _312_/X (sky130_fd_sc_hd__a21o_4)
                                         _240_ (net)
                  0.44    0.02    6.63 ^ _318_/A (sky130_fd_sc_hd__and3_2)
     1    0.04    0.36    0.76    7.40 ^ _318_/X (sky130_fd_sc_hd__and3_2)
                                         _246_ (net)
                  0.36    0.01    7.41 ^ _320_/A_N (sky130_fd_sc_hd__and3b_2)
     1    0.05    0.28    0.77    8.18 v _320_/X (sky130_fd_sc_hd__and3b_2)
                                         _000_ (net)
                  0.28    0.01    8.19 v _339_/B1 (sky130_fd_sc_hd__o2bb2a_1)
     2    0.03    0.32    1.00    9.19 v _339_/X (sky130_fd_sc_hd__o2bb2a_1)
                                         net23 (net)
                  0.32    0.00    9.19 v output23/A (sky130_fd_sc_hd__buf_2)
     1    0.03    0.17    0.49    9.68 v output23/X (sky130_fd_sc_hd__buf_2)
                                         out[3] (net)
                  0.17    0.00    9.68 v out[3] (out)
                                  9.68   data arrival time

                  0.00   10.00   10.00   clock __VIRTUAL_CLK__ (rise edge)
                          0.00   10.00   clock network delay (ideal)
                         -0.25    9.75   clock uncertainty
                          0.00    9.75   clock reconvergence pessimism
                         -2.00    7.75   output external delay
                                  7.75   data required time
-----------------------------------------------------------------------------
                                  7.75   data required time
                                 -9.68   data arrival time
-----------------------------------------------------------------------------
                                 -1.93   slack (VIOLATED)


Startpoint: opcode[0] (input port clocked by __VIRTUAL_CLK__)
Endpoint: out[2] (output port clocked by __VIRTUAL_CLK__)
Path Group: __VIRTUAL_CLK__
Path Type: max
Corner: Slowest

Fanout     Cap    Slew   Delay    Time   Description
-----------------------------------------------------------------------------
                  0.00    0.00    0.00   clock __VIRTUAL_CLK__ (rise edge)
                          0.00    0.00   clock network delay (ideal)
                          2.00    2.00 v input external delay
     1    0.00    0.03    0.02    2.02 v opcode[0] (in)
                                         opcode[0] (net)
                  0.03    0.00    2.02 v input17/A (sky130_fd_sc_hd__clkbuf_8)
     6    0.12    0.23    0.38    2.39 v input17/X (sky130_fd_sc_hd__clkbuf_8)
                                         net17 (net)
                  0.23    0.01    2.41 v _275_/A_N (sky130_fd_sc_hd__nand3b_4)
     4    0.04    0.29    0.52    2.93 v _275_/Y (sky130_fd_sc_hd__nand3b_4)
                                         _205_ (net)
                  0.29    0.00    2.93 v rebuffer18/A (sky130_fd_sc_hd__dlymetal6s2s_1)
     2    0.02    0.19    0.51    3.44 v rebuffer18/X (sky130_fd_sc_hd__dlymetal6s2s_1)
                                         net50 (net)
                  0.19    0.00    3.45 v _298_/B1 (sky130_fd_sc_hd__o21a_4)
     3    0.08    0.23    0.44    3.89 v _298_/X (sky130_fd_sc_hd__o21a_4)
                                         _227_ (net)
                  0.23    0.01    3.90 v _299_/B (sky130_fd_sc_hd__xnor2_4)
     2    0.07    0.83    0.80    4.70 ^ _299_/Y (sky130_fd_sc_hd__xnor2_4)
                                         _228_ (net)
                  0.83    0.01    4.71 ^ _300_/B (sky130_fd_sc_hd__xor2_4)
     3    0.09    0.97    1.05    5.76 ^ _300_/X (sky130_fd_sc_hd__xor2_4)
                                         _229_ (net)
                  0.97    0.00    5.76 ^ _302_/A (sky130_fd_sc_hd__nand2_2)
     1    0.05    0.53    0.75    6.51 v _302_/Y (sky130_fd_sc_hd__nand2_2)
                                         _231_ (net)
                  0.53    0.01    6.52 v _308_/A1 (sky130_fd_sc_hd__a211o_1)
     1    0.04    0.35    0.97    7.49 v _308_/X (sky130_fd_sc_hd__a211o_1)
                                         _237_ (net)
                  0.35    0.01    7.50 v _309_/B2 (sky130_fd_sc_hd__o2bb2a_2)
     2    0.06    0.31    0.93    8.43 v _309_/X (sky130_fd_sc_hd__o2bb2a_2)
                                         net22 (net)
                  0.31    0.01    8.44 v output22/A (sky130_fd_sc_hd__buf_2)
     1    0.03    0.17    0.48    8.92 v output22/X (sky130_fd_sc_hd__buf_2)
                                         out[2] (net)
                  0.17    0.00    8.93 v out[2] (out)
                                  8.93   data arrival time

                  0.00   10.00   10.00   clock __VIRTUAL_CLK__ (rise edge)
                          0.00   10.00   clock network delay (ideal)
                         -0.25    9.75   clock uncertainty
                          0.00    9.75   clock reconvergence pessimism
                         -2.00    7.75   output external delay
                                  7.75   data required time
-----------------------------------------------------------------------------
                                  7.75   data required time
                                 -8.93   data arrival time
-----------------------------------------------------------------------------
                                 -1.18   slack (VIOLATED)


Startpoint: A[1] (input port clocked by __VIRTUAL_CLK__)
Endpoint: out[1] (output port clocked by __VIRTUAL_CLK__)
Path Group: __VIRTUAL_CLK__
Path Type: max
Corner: Slowest

Fanout     Cap    Slew   Delay    Time   Description
-----------------------------------------------------------------------------
                  0.00    0.00    0.00   clock __VIRTUAL_CLK__ (rise edge)
                          0.00    0.00   clock network delay (ideal)
                          2.00    2.00 ^ input external delay
     1    0.01    0.08    0.06    2.06 ^ A[1] (in)
                                         A[1] (net)
                  0.08    0.00    2.06 ^ input2/A (sky130_fd_sc_hd__buf_12)
     7    0.06    0.12    0.24    2.29 ^ input2/X (sky130_fd_sc_hd__buf_12)
                                         net2 (net)
                  0.12    0.01    2.30 ^ rebuffer12/A (sky130_fd_sc_hd__dlymetal6s2s_1)
     3    0.07    0.99    0.88    3.18 ^ rebuffer12/X (sky130_fd_sc_hd__dlymetal6s2s_1)
                                         net44 (net)
                  0.99    0.02    3.19 ^ _263_/A (sky130_fd_sc_hd__buf_8)
    10    0.13    0.35    0.67    3.86 ^ _263_/X (sky130_fd_sc_hd__buf_8)
                                         _193_ (net)
                  0.35    0.02    3.88 ^ _282_/C (sky130_fd_sc_hd__and4_2)
     3    0.05    0.42    0.89    4.77 ^ _282_/X (sky130_fd_sc_hd__and4_2)
                                         _212_ (net)
                  0.42    0.01    4.78 ^ _284_/A_N (sky130_fd_sc_hd__and3b_1)
     1    0.02    0.20    0.63    5.41 v _284_/X (sky130_fd_sc_hd__and3b_1)
                                         _214_ (net)
                  0.20    0.00    5.42 v _285_/B1 (sky130_fd_sc_hd__a31o_2)
     1    0.04    0.21    0.63    6.04 v _285_/X (sky130_fd_sc_hd__a31o_2)
                                         _215_ (net)
                  0.21    0.01    6.05 v _286_/B1 (sky130_fd_sc_hd__a211o_2)
     1    0.05    0.29    0.90    6.95 v _286_/X (sky130_fd_sc_hd__a211o_2)
                                         _216_ (net)
                  0.29    0.01    6.96 v _287_/B2 (sky130_fd_sc_hd__o2bb2a_2)
     7    0.08    0.37    0.94    7.90 v _287_/X (sky130_fd_sc_hd__o2bb2a_2)
                                         net21 (net)
                  0.37    0.03    7.93 v output21/A (sky130_fd_sc_hd__buf_2)
     1    0.03    0.17    0.51    8.44 v output21/X (sky130_fd_sc_hd__buf_2)
                                         out[1] (net)
                  0.17    0.00    8.44 v out[1] (out)
                                  8.44   data arrival time

                  0.00   10.00   10.00   clock __VIRTUAL_CLK__ (rise edge)
                          0.00   10.00   clock network delay (ideal)
                         -0.25    9.75   clock uncertainty
                          0.00    9.75   clock reconvergence pessimism
                         -2.00    7.75   output external delay
                                  7.75   data required time
-----------------------------------------------------------------------------
                                  7.75   data required time
                                 -8.44   data arrival time
-----------------------------------------------------------------------------
                                 -0.69   slack (VIOLATED)


Startpoint: opcode[0] (input port clocked by __VIRTUAL_CLK__)
Endpoint: out[0] (output port clocked by __VIRTUAL_CLK__)
Path Group: __VIRTUAL_CLK__
Path Type: max
Corner: Slowest

Fanout     Cap    Slew   Delay    Time   Description
-----------------------------------------------------------------------------
                  0.00    0.00    0.00   clock __VIRTUAL_CLK__ (rise edge)
                          0.00    0.00   clock network delay (ideal)
                          2.00    2.00 v input external delay
     1    0.00    0.03    0.02    2.02 v opcode[0] (in)
                                         opcode[0] (net)
                  0.03    0.00    2.02 v input17/A (sky130_fd_sc_hd__clkbuf_8)
     6    0.12    0.23    0.38    2.39 v input17/X (sky130_fd_sc_hd__clkbuf_8)
                                         net17 (net)
                  0.23    0.02    2.42 v _249_/A (sky130_fd_sc_hd__or2_4)
     5    0.13    0.34    0.85    3.27 v _249_/X (sky130_fd_sc_hd__or2_4)
                                         _180_ (net)
                  0.34    0.03    3.30 v _258_/B (sky130_fd_sc_hd__nor2_8)
     9    0.14    0.78    0.78    4.07 ^ _258_/Y (sky130_fd_sc_hd__nor2_8)
                                         _189_ (net)
                  0.78    0.01    4.08 ^ _260_/A1 (sky130_fd_sc_hd__o211a_4)
     2    0.09    0.42    0.89    4.97 ^ _260_/X (sky130_fd_sc_hd__o211a_4)
                                         _191_ (net)
                  0.42    0.01    4.99 ^ _261_/B1 (sky130_fd_sc_hd__a31o_2)
     1    0.06    0.57    0.72    5.71 ^ _261_/X (sky130_fd_sc_hd__a31o_2)
                                         _192_ (net)
                  0.57    0.01    5.71 ^ _262_/B2 (sky130_fd_sc_hd__a2bb2o_2)
     2    0.04    0.38    0.78    6.49 ^ _262_/X (sky130_fd_sc_hd__a2bb2o_2)
                                         net20 (net)
                  0.38    0.01    6.50 ^ output20/A (sky130_fd_sc_hd__buf_2)
     1    0.03    0.27    0.50    7.00 ^ output20/X (sky130_fd_sc_hd__buf_2)
                                         out[0] (net)
                  0.27    0.00    7.00 ^ out[0] (out)
                                  7.00   data arrival time

                  0.00   10.00   10.00   clock __VIRTUAL_CLK__ (rise edge)
                          0.00   10.00   clock network delay (ideal)
                         -0.25    9.75   clock uncertainty
                          0.00    9.75   clock reconvergence pessimism
                         -2.00    7.75   output external delay
                                  7.75   data required time
-----------------------------------------------------------------------------
                                  7.75   data required time
                                 -7.00   data arrival time
-----------------------------------------------------------------------------
                                  0.75   slack (MET)



worst slack corner Slowest: -3.6113
======================= Typical Corner ===================================

Startpoint: B[3] (input port clocked by __VIRTUAL_CLK__)
Endpoint: out[7] (output port clocked by __VIRTUAL_CLK__)
Path Group: __VIRTUAL_CLK__
Path Type: max
Corner: Typical

Fanout     Cap    Slew   Delay    Time   Description
-----------------------------------------------------------------------------
                  0.00    0.00    0.00   clock __VIRTUAL_CLK__ (rise edge)
                          0.00    0.00   clock network delay (ideal)
                          2.00    2.00 ^ input external delay
     1    0.01    0.05    0.04    2.04 ^ B[3] (in)
                                         B[3] (net)
                  0.05    0.00    2.04 ^ input12/A (sky130_fd_sc_hd__buf_12)
     7    0.08    0.11    0.15    2.18 ^ input12/X (sky130_fd_sc_hd__buf_12)
                                         net12 (net)
                  0.11    0.00    2.19 ^ rebuffer28/A (sky130_fd_sc_hd__dlymetal6s4s_1)
     1    0.03    0.28    0.37    2.56 ^ rebuffer28/X (sky130_fd_sc_hd__dlymetal6s4s_1)
                                         net60 (net)
                  0.28    0.00    2.56 ^ _425_/B (sky130_fd_sc_hd__and3_4)
     1    0.08    0.23    0.40    2.96 ^ _425_/X (sky130_fd_sc_hd__and3_4)
                                         _102_ (net)
                  0.24    0.03    2.98 ^ _427_/A2 (sky130_fd_sc_hd__a21bo_4)
     1    0.08    0.26    0.33    3.32 ^ _427_/X (sky130_fd_sc_hd__a21bo_4)
                                         _104_ (net)
                  0.27    0.03    3.34 ^ _428_/B (sky130_fd_sc_hd__xor2_4)
     2    0.06    0.41    0.41    3.76 ^ _428_/X (sky130_fd_sc_hd__xor2_4)
                                         _105_ (net)
                  0.41    0.01    3.76 ^ _430_/A (sky130_fd_sc_hd__nand3_4)
     3    0.07    0.28    0.32    4.08 v _430_/Y (sky130_fd_sc_hd__nand3_4)
                                         _107_ (net)
                  0.28    0.01    4.09 v _433_/A2 (sky130_fd_sc_hd__a21o_4)
     3    0.09    0.14    0.42    4.51 v _433_/X (sky130_fd_sc_hd__a21o_4)
                                         _110_ (net)
                  0.14    0.02    4.53 v _435_/A2 (sky130_fd_sc_hd__a21oi_4)
     3    0.07    0.52    0.51    5.03 ^ _435_/Y (sky130_fd_sc_hd__a21oi_4)
                                         _112_ (net)
                  0.52    0.02    5.05 ^ _465_/C1 (sky130_fd_sc_hd__a211o_4)
     3    0.05    0.16    0.27    5.33 ^ _465_/X (sky130_fd_sc_hd__a211o_4)
                                         _141_ (net)
                  0.16    0.00    5.33 ^ rebuffer9/A (sky130_fd_sc_hd__dlygate4sd1_1)
     1    0.03    0.29    0.41    5.74 ^ rebuffer9/X (sky130_fd_sc_hd__dlygate4sd1_1)
                                         net41 (net)
                  0.29    0.00    5.75 ^ _495_/B1 (sky130_fd_sc_hd__o21ai_4)
     2    0.04    0.15    0.18    5.93 v _495_/Y (sky130_fd_sc_hd__o21ai_4)
                                         _171_ (net)
                  0.15    0.01    5.94 v _496_/C (sky130_fd_sc_hd__and3_1)
     1    0.02    0.09    0.30    6.23 v _496_/X (sky130_fd_sc_hd__and3_1)
                                         _172_ (net)
                  0.09    0.00    6.23 v _498_/A2 (sky130_fd_sc_hd__o21a_1)
     1    0.01    0.07    0.23    6.47 v _498_/X (sky130_fd_sc_hd__o21a_1)
                                         _174_ (net)
                  0.07    0.00    6.47 v _503_/A3 (sky130_fd_sc_hd__o32a_4)
     1    0.04    0.10    0.39    6.86 v _503_/X (sky130_fd_sc_hd__o32a_4)
                                         net27 (net)
                  0.10    0.01    6.87 v output27/A (sky130_fd_sc_hd__buf_8)
     1    0.03    0.04    0.17    7.03 v output27/X (sky130_fd_sc_hd__buf_8)
                                         out[7] (net)
                  0.04    0.00    7.04 v out[7] (out)
                                  7.04   data arrival time

                  0.00   10.00   10.00   clock __VIRTUAL_CLK__ (rise edge)
                          0.00   10.00   clock network delay (ideal)
                         -0.25    9.75   clock uncertainty
                          0.00    9.75   clock reconvergence pessimism
                         -2.00    7.75   output external delay
                                  7.75   data required time
-----------------------------------------------------------------------------
                                  7.75   data required time
                                 -7.04   data arrival time
-----------------------------------------------------------------------------
                                  0.71   slack (MET)


Startpoint: B[3] (input port clocked by __VIRTUAL_CLK__)
Endpoint: out[6] (output port clocked by __VIRTUAL_CLK__)
Path Group: __VIRTUAL_CLK__
Path Type: max
Corner: Typical

Fanout     Cap    Slew   Delay    Time   Description
-----------------------------------------------------------------------------
                  0.00    0.00    0.00   clock __VIRTUAL_CLK__ (rise edge)
                          0.00    0.00   clock network delay (ideal)
                          2.00    2.00 ^ input external delay
     1    0.01    0.05    0.04    2.04 ^ B[3] (in)
                                         B[3] (net)
                  0.05    0.00    2.04 ^ input12/A (sky130_fd_sc_hd__buf_12)
     7    0.08    0.11    0.15    2.18 ^ input12/X (sky130_fd_sc_hd__buf_12)
                                         net12 (net)
                  0.11    0.00    2.19 ^ rebuffer28/A (sky130_fd_sc_hd__dlymetal6s4s_1)
     1    0.03    0.28    0.37    2.56 ^ rebuffer28/X (sky130_fd_sc_hd__dlymetal6s4s_1)
                                         net60 (net)
                  0.28    0.00    2.56 ^ _425_/B (sky130_fd_sc_hd__and3_4)
     1    0.08    0.23    0.40    2.96 ^ _425_/X (sky130_fd_sc_hd__and3_4)
                                         _102_ (net)
                  0.24    0.03    2.98 ^ _427_/A2 (sky130_fd_sc_hd__a21bo_4)
     1    0.08    0.26    0.33    3.32 ^ _427_/X (sky130_fd_sc_hd__a21bo_4)
                                         _104_ (net)
                  0.27    0.03    3.34 ^ _428_/B (sky130_fd_sc_hd__xor2_4)
     2    0.06    0.41    0.41    3.76 ^ _428_/X (sky130_fd_sc_hd__xor2_4)
                                         _105_ (net)
                  0.41    0.01    3.76 ^ _430_/A (sky130_fd_sc_hd__nand3_4)
     3    0.07    0.28    0.32    4.08 v _430_/Y (sky130_fd_sc_hd__nand3_4)
                                         _107_ (net)
                  0.28    0.01    4.09 v _433_/A2 (sky130_fd_sc_hd__a21o_4)
     3    0.09    0.14    0.42    4.51 v _433_/X (sky130_fd_sc_hd__a21o_4)
                                         _110_ (net)
                  0.14    0.02    4.53 v _435_/A2 (sky130_fd_sc_hd__a21oi_4)
     3    0.07    0.52    0.51    5.03 ^ _435_/Y (sky130_fd_sc_hd__a21oi_4)
                                         _112_ (net)
                  0.52    0.02    5.05 ^ _437_/A2 (sky130_fd_sc_hd__o211a_2)
     2    0.04    0.23    0.41    5.46 ^ _437_/X (sky130_fd_sc_hd__o211a_2)
                                         _114_ (net)
                  0.23    0.01    5.47 ^ _438_/D1 (sky130_fd_sc_hd__a2111oi_4)
     2    0.02    0.11    0.08    5.55 v _438_/Y (sky130_fd_sc_hd__a2111oi_4)
                                         _115_ (net)
                  0.11    0.00    5.55 v wire29/A (sky130_fd_sc_hd__buf_2)
     2    0.03    0.08    0.20    5.75 v wire29/X (sky130_fd_sc_hd__buf_2)
                                         net29 (net)
                  0.08    0.00    5.76 v wire28/A (sky130_fd_sc_hd__clkbuf_2)
     1    0.03    0.12    0.20    5.96 v wire28/X (sky130_fd_sc_hd__clkbuf_2)
                                         net28 (net)
                  0.12    0.01    5.96 v _441_/A (sky130_fd_sc_hd__or2_4)
     1    0.04    0.10    0.35    6.32 v _441_/X (sky130_fd_sc_hd__or2_4)
                                         _118_ (net)
                  0.10    0.01    6.33 v _453_/B2 (sky130_fd_sc_hd__a22oi_4)
     1    0.05    0.37    0.36    6.69 ^ _453_/Y (sky130_fd_sc_hd__a22oi_4)
                                         net26 (net)
                  0.37    0.01    6.70 ^ output26/A (sky130_fd_sc_hd__buf_6)
     1    0.03    0.08    0.20    6.91 ^ output26/X (sky130_fd_sc_hd__buf_6)
                                         out[6] (net)
                  0.08    0.00    6.91 ^ out[6] (out)
                                  6.91   data arrival time

                  0.00   10.00   10.00   clock __VIRTUAL_CLK__ (rise edge)
                          0.00   10.00   clock network delay (ideal)
                         -0.25    9.75   clock uncertainty
                          0.00    9.75   clock reconvergence pessimism
                         -2.00    7.75   output external delay
                                  7.75   data required time
-----------------------------------------------------------------------------
                                  7.75   data required time
                                 -6.91   data arrival time
-----------------------------------------------------------------------------
                                  0.84   slack (MET)


Startpoint: B[1] (input port clocked by __VIRTUAL_CLK__)
Endpoint: out[5] (output port clocked by __VIRTUAL_CLK__)
Path Group: __VIRTUAL_CLK__
Path Type: max
Corner: Typical

Fanout     Cap    Slew   Delay    Time   Description
-----------------------------------------------------------------------------
                  0.00    0.00    0.00   clock __VIRTUAL_CLK__ (rise edge)
                          0.00    0.00   clock network delay (ideal)
                          2.00    2.00 ^ input external delay
     1    0.01    0.05    0.03    2.03 ^ B[1] (in)
                                         B[1] (net)
                  0.05    0.00    2.03 ^ input10/A (sky130_fd_sc_hd__buf_8)
     5    0.11    0.19    0.19    2.22 ^ input10/X (sky130_fd_sc_hd__buf_8)
                                         net10 (net)
                  0.20    0.04    2.26 ^ _266_/A (sky130_fd_sc_hd__buf_12)
     5    0.12    0.14    0.22    2.48 ^ _266_/X (sky130_fd_sc_hd__buf_12)
                                         _196_ (net)
                  0.15    0.02    2.50 ^ _324_/A1 (sky130_fd_sc_hd__a22oi_4)
     2    0.03    0.11    0.14    2.65 v _324_/Y (sky130_fd_sc_hd__a22oi_4)
                                         _004_ (net)
                  0.11    0.01    2.65 v rebuffer7/A (sky130_fd_sc_hd__buf_6)
     2    0.02    0.03    0.16    2.81 v rebuffer7/X (sky130_fd_sc_hd__buf_6)
                                         net39 (net)
                  0.03    0.00    2.81 v rebuffer8/A (sky130_fd_sc_hd__dlymetal6s2s_1)
     1    0.02    0.13    0.22    3.03 v rebuffer8/X (sky130_fd_sc_hd__dlymetal6s2s_1)
                                         net40 (net)
                  0.13    0.00    3.04 v _326_/A1 (sky130_fd_sc_hd__o21ai_4)
     3    0.05    0.35    0.37    3.41 ^ _326_/Y (sky130_fd_sc_hd__o21ai_4)
                                         _006_ (net)
                  0.35    0.01    3.41 ^ _329_/A (sky130_fd_sc_hd__and3_1)
     2    0.02    0.19    0.34    3.75 ^ _329_/X (sky130_fd_sc_hd__and3_1)
                                         _009_ (net)
                  0.19    0.00    3.76 ^ _331_/A_N (sky130_fd_sc_hd__and2b_2)
     1    0.02    0.08    0.31    4.06 v _331_/X (sky130_fd_sc_hd__and2b_2)
                                         _011_ (net)
                  0.08    0.00    4.07 v _332_/B (sky130_fd_sc_hd__xnor2_4)
     2    0.06    0.44    0.40    4.46 ^ _332_/Y (sky130_fd_sc_hd__xnor2_4)
                                         _012_ (net)
                  0.44    0.01    4.48 ^ _333_/A (sky130_fd_sc_hd__nand2_4)
     3    0.07    0.21    0.24    4.72 v _333_/Y (sky130_fd_sc_hd__nand2_4)
                                         _013_ (net)
                  0.21    0.02    4.74 v _359_/A_N (sky130_fd_sc_hd__nand3b_4)
     4    0.09    0.29    0.41    5.15 v _359_/Y (sky130_fd_sc_hd__nand3b_4)
                                         _038_ (net)
                  0.30    0.02    5.17 v _403_/A2 (sky130_fd_sc_hd__a21o_4)
     2    0.08    0.12    0.42    5.59 v _403_/X (sky130_fd_sc_hd__a21o_4)
                                         _081_ (net)
                  0.12    0.01    5.60 v _408_/A2 (sky130_fd_sc_hd__a31o_1)
     1    0.01    0.08    0.29    5.89 v _408_/X (sky130_fd_sc_hd__a31o_1)
                                         _086_ (net)
                  0.08    0.00    5.89 v _409_/B1 (sky130_fd_sc_hd__a21oi_1)
     1    0.01    0.31    0.29    6.18 ^ _409_/Y (sky130_fd_sc_hd__a21oi_1)
                                         _087_ (net)
                  0.31    0.00    6.18 ^ _410_/B1 (sky130_fd_sc_hd__a21oi_2)
     1    0.03    0.12    0.14    6.32 v _410_/Y (sky130_fd_sc_hd__a21oi_2)
                                         net25 (net)
                  0.12    0.00    6.33 v output25/A (sky130_fd_sc_hd__buf_2)
     1    0.03    0.09    0.22    6.55 v output25/X (sky130_fd_sc_hd__buf_2)
                                         out[5] (net)
                  0.09    0.00    6.55 v out[5] (out)
                                  6.55   data arrival time

                  0.00   10.00   10.00   clock __VIRTUAL_CLK__ (rise edge)
                          0.00   10.00   clock network delay (ideal)
                         -0.25    9.75   clock uncertainty
                          0.00    9.75   clock reconvergence pessimism
                         -2.00    7.75   output external delay
                                  7.75   data required time
-----------------------------------------------------------------------------
                                  7.75   data required time
                                 -6.55   data arrival time
-----------------------------------------------------------------------------
                                  1.20   slack (MET)


Startpoint: B[1] (input port clocked by __VIRTUAL_CLK__)
Endpoint: out[4] (output port clocked by __VIRTUAL_CLK__)
Path Group: __VIRTUAL_CLK__
Path Type: max
Corner: Typical

Fanout     Cap    Slew   Delay    Time   Description
-----------------------------------------------------------------------------
                  0.00    0.00    0.00   clock __VIRTUAL_CLK__ (rise edge)
                          0.00    0.00   clock network delay (ideal)
                          2.00    2.00 ^ input external delay
     1    0.01    0.05    0.03    2.03 ^ B[1] (in)
                                         B[1] (net)
                  0.05    0.00    2.03 ^ input10/A (sky130_fd_sc_hd__buf_8)
     5    0.11    0.19    0.19    2.22 ^ input10/X (sky130_fd_sc_hd__buf_8)
                                         net10 (net)
                  0.20    0.04    2.26 ^ _266_/A (sky130_fd_sc_hd__buf_12)
     5    0.12    0.14    0.22    2.48 ^ _266_/X (sky130_fd_sc_hd__buf_12)
                                         _196_ (net)
                  0.15    0.02    2.50 ^ _324_/A1 (sky130_fd_sc_hd__a22oi_4)
     2    0.03    0.11    0.14    2.65 v _324_/Y (sky130_fd_sc_hd__a22oi_4)
                                         _004_ (net)
                  0.11    0.01    2.65 v rebuffer7/A (sky130_fd_sc_hd__buf_6)
     2    0.02    0.03    0.16    2.81 v rebuffer7/X (sky130_fd_sc_hd__buf_6)
                                         net39 (net)
                  0.03    0.00    2.81 v rebuffer8/A (sky130_fd_sc_hd__dlymetal6s2s_1)
     1    0.02    0.13    0.22    3.03 v rebuffer8/X (sky130_fd_sc_hd__dlymetal6s2s_1)
                                         net40 (net)
                  0.13    0.00    3.04 v _326_/A1 (sky130_fd_sc_hd__o21ai_4)
     3    0.05    0.35    0.37    3.41 ^ _326_/Y (sky130_fd_sc_hd__o21ai_4)
                                         _006_ (net)
                  0.35    0.01    3.41 ^ _329_/A (sky130_fd_sc_hd__and3_1)
     2    0.02    0.19    0.34    3.75 ^ _329_/X (sky130_fd_sc_hd__and3_1)
                                         _009_ (net)
                  0.19    0.00    3.76 ^ _331_/A_N (sky130_fd_sc_hd__and2b_2)
     1    0.02    0.08    0.31    4.06 v _331_/X (sky130_fd_sc_hd__and2b_2)
                                         _011_ (net)
                  0.08    0.00    4.07 v _332_/B (sky130_fd_sc_hd__xnor2_4)
     2    0.06    0.44    0.40    4.46 ^ _332_/Y (sky130_fd_sc_hd__xnor2_4)
                                         _012_ (net)
                  0.44    0.01    4.48 ^ _333_/A (sky130_fd_sc_hd__nand2_4)
     3    0.07    0.21    0.24    4.72 v _333_/Y (sky130_fd_sc_hd__nand2_4)
                                         _013_ (net)
                  0.21    0.02    4.74 v _359_/A_N (sky130_fd_sc_hd__nand3b_4)
     4    0.09    0.29    0.41    5.15 v _359_/Y (sky130_fd_sc_hd__nand3b_4)
                                         _038_ (net)
                  0.30    0.02    5.17 v _360_/C (sky130_fd_sc_hd__and3_2)
     1    0.03    0.11    0.42    5.59 v _360_/X (sky130_fd_sc_hd__and3_2)
                                         _039_ (net)
                  0.11    0.01    5.60 v _373_/B1 (sky130_fd_sc_hd__o2bb2a_2)
     2    0.04    0.12    0.39    5.99 v _373_/X (sky130_fd_sc_hd__o2bb2a_2)
                                         net24 (net)
                  0.12    0.01    5.99 v output24/A (sky130_fd_sc_hd__buf_2)
     1    0.03    0.09    0.22    6.22 v output24/X (sky130_fd_sc_hd__buf_2)
                                         out[4] (net)
                  0.09    0.00    6.22 v out[4] (out)
                                  6.22   data arrival time

                  0.00   10.00   10.00   clock __VIRTUAL_CLK__ (rise edge)
                          0.00   10.00   clock network delay (ideal)
                         -0.25    9.75   clock uncertainty
                          0.00    9.75   clock reconvergence pessimism
                         -2.00    7.75   output external delay
                                  7.75   data required time
-----------------------------------------------------------------------------
                                  7.75   data required time
                                 -6.22   data arrival time
-----------------------------------------------------------------------------
                                  1.53   slack (MET)


Startpoint: B[1] (input port clocked by __VIRTUAL_CLK__)
Endpoint: out[3] (output port clocked by __VIRTUAL_CLK__)
Path Group: __VIRTUAL_CLK__
Path Type: max
Corner: Typical

Fanout     Cap    Slew   Delay    Time   Description
-----------------------------------------------------------------------------
                  0.00    0.00    0.00   clock __VIRTUAL_CLK__ (rise edge)
                          0.00    0.00   clock network delay (ideal)
                          2.00    2.00 v input external delay
     1    0.01    0.02    0.01    2.01 v B[1] (in)
                                         B[1] (net)
                  0.02    0.00    2.01 v input10/A (sky130_fd_sc_hd__buf_8)
     5    0.11    0.09    0.15    2.17 v input10/X (sky130_fd_sc_hd__buf_8)
                                         net10 (net)
                  0.11    0.04    2.21 v _266_/A (sky130_fd_sc_hd__buf_12)
     5    0.11    0.07    0.20    2.41 v _266_/X (sky130_fd_sc_hd__buf_12)
                                         _196_ (net)
                  0.07    0.01    2.42 v _267_/A (sky130_fd_sc_hd__clkbuf_8)
    10    0.13    0.14    0.24    2.65 v _267_/X (sky130_fd_sc_hd__clkbuf_8)
                                         _197_ (net)
                  0.15    0.04    2.69 v _298_/A2 (sky130_fd_sc_hd__o21a_4)
     3    0.08    0.12    0.34    3.03 v _298_/X (sky130_fd_sc_hd__o21a_4)
                                         _227_ (net)
                  0.12    0.01    3.04 v _299_/B (sky130_fd_sc_hd__xnor2_4)
     2    0.07    0.53    0.49    3.53 ^ _299_/Y (sky130_fd_sc_hd__xnor2_4)
                                         _228_ (net)
                  0.53    0.01    3.54 ^ _300_/B (sky130_fd_sc_hd__xor2_4)
     3    0.09    0.62    0.58    4.12 ^ _300_/X (sky130_fd_sc_hd__xor2_4)
                                         _229_ (net)
                  0.62    0.02    4.14 ^ _312_/A1 (sky130_fd_sc_hd__a21o_4)
     5    0.10    0.28    0.40    4.54 ^ _312_/X (sky130_fd_sc_hd__a21o_4)
                                         _240_ (net)
                  0.28    0.02    4.56 ^ _318_/A (sky130_fd_sc_hd__and3_2)
     1    0.04    0.22    0.40    4.95 ^ _318_/X (sky130_fd_sc_hd__and3_2)
                                         _246_ (net)
                  0.22    0.01    4.96 ^ _320_/A_N (sky130_fd_sc_hd__and3b_2)
     1    0.05    0.15    0.36    5.32 v _320_/X (sky130_fd_sc_hd__and3b_2)
                                         _000_ (net)
                  0.15    0.01    5.34 v _339_/B1 (sky130_fd_sc_hd__o2bb2a_1)
     2    0.03    0.16    0.47    5.80 v _339_/X (sky130_fd_sc_hd__o2bb2a_1)
                                         net23 (net)
                  0.16    0.00    5.81 v output23/A (sky130_fd_sc_hd__buf_2)
     1    0.03    0.09    0.24    6.05 v output23/X (sky130_fd_sc_hd__buf_2)
                                         out[3] (net)
                  0.09    0.00    6.05 v out[3] (out)
                                  6.05   data arrival time

                  0.00   10.00   10.00   clock __VIRTUAL_CLK__ (rise edge)
                          0.00   10.00   clock network delay (ideal)
                         -0.25    9.75   clock uncertainty
                          0.00    9.75   clock reconvergence pessimism
                         -2.00    7.75   output external delay
                                  7.75   data required time
-----------------------------------------------------------------------------
                                  7.75   data required time
                                 -6.05   data arrival time
-----------------------------------------------------------------------------
                                  1.70   slack (MET)


Startpoint: B[1] (input port clocked by __VIRTUAL_CLK__)
Endpoint: out[2] (output port clocked by __VIRTUAL_CLK__)
Path Group: __VIRTUAL_CLK__
Path Type: max
Corner: Typical

Fanout     Cap    Slew   Delay    Time   Description
-----------------------------------------------------------------------------
                  0.00    0.00    0.00   clock __VIRTUAL_CLK__ (rise edge)
                          0.00    0.00   clock network delay (ideal)
                          2.00    2.00 v input external delay
     1    0.01    0.02    0.01    2.01 v B[1] (in)
                                         B[1] (net)
                  0.02    0.00    2.01 v input10/A (sky130_fd_sc_hd__buf_8)
     5    0.11    0.09    0.15    2.17 v input10/X (sky130_fd_sc_hd__buf_8)
                                         net10 (net)
                  0.11    0.04    2.21 v _266_/A (sky130_fd_sc_hd__buf_12)
     5    0.11    0.07    0.20    2.41 v _266_/X (sky130_fd_sc_hd__buf_12)
                                         _196_ (net)
                  0.07    0.01    2.42 v _267_/A (sky130_fd_sc_hd__clkbuf_8)
    10    0.13    0.14    0.24    2.65 v _267_/X (sky130_fd_sc_hd__clkbuf_8)
                                         _197_ (net)
                  0.15    0.04    2.69 v _298_/A2 (sky130_fd_sc_hd__o21a_4)
     3    0.08    0.12    0.34    3.03 v _298_/X (sky130_fd_sc_hd__o21a_4)
                                         _227_ (net)
                  0.12    0.01    3.04 v _299_/B (sky130_fd_sc_hd__xnor2_4)
     2    0.07    0.53    0.49    3.53 ^ _299_/Y (sky130_fd_sc_hd__xnor2_4)
                                         _228_ (net)
                  0.53    0.01    3.54 ^ _300_/B (sky130_fd_sc_hd__xor2_4)
     3    0.09    0.62    0.58    4.12 ^ _300_/X (sky130_fd_sc_hd__xor2_4)
                                         _229_ (net)
                  0.62    0.00    4.12 ^ _302_/A (sky130_fd_sc_hd__nand2_2)
     1    0.05    0.28    0.35    4.47 v _302_/Y (sky130_fd_sc_hd__nand2_2)
                                         _231_ (net)
                  0.29    0.01    4.48 v _308_/A1 (sky130_fd_sc_hd__a211o_1)
     1    0.04    0.18    0.50    4.98 v _308_/X (sky130_fd_sc_hd__a211o_1)
                                         _237_ (net)
                  0.18    0.01    4.99 v _309_/B2 (sky130_fd_sc_hd__o2bb2a_2)
     2    0.06    0.17    0.46    5.45 v _309_/X (sky130_fd_sc_hd__o2bb2a_2)
                                         net22 (net)
                  0.17    0.01    5.45 v output22/A (sky130_fd_sc_hd__buf_2)
     1    0.03    0.09    0.25    5.70 v output22/X (sky130_fd_sc_hd__buf_2)
                                         out[2] (net)
                  0.09    0.00    5.70 v out[2] (out)
                                  5.70   data arrival time

                  0.00   10.00   10.00   clock __VIRTUAL_CLK__ (rise edge)
                          0.00   10.00   clock network delay (ideal)
                         -0.25    9.75   clock uncertainty
                          0.00    9.75   clock reconvergence pessimism
                         -2.00    7.75   output external delay
                                  7.75   data required time
-----------------------------------------------------------------------------
                                  7.75   data required time
                                 -5.70   data arrival time
-----------------------------------------------------------------------------
                                  2.05   slack (MET)


Startpoint: A[1] (input port clocked by __VIRTUAL_CLK__)
Endpoint: out[1] (output port clocked by __VIRTUAL_CLK__)
Path Group: __VIRTUAL_CLK__
Path Type: max
Corner: Typical

Fanout     Cap    Slew   Delay    Time   Description
-----------------------------------------------------------------------------
                  0.00    0.00    0.00   clock __VIRTUAL_CLK__ (rise edge)
                          0.00    0.00   clock network delay (ideal)
                          2.00    2.00 ^ input external delay
     1    0.01    0.05    0.04    2.04 ^ A[1] (in)
                                         A[1] (net)
                  0.05    0.00    2.04 ^ input2/A (sky130_fd_sc_hd__buf_12)
     7    0.06    0.08    0.14    2.17 ^ input2/X (sky130_fd_sc_hd__buf_12)
                                         net2 (net)
                  0.08    0.01    2.18 ^ rebuffer12/A (sky130_fd_sc_hd__dlymetal6s2s_1)
     3    0.07    0.64    0.54    2.72 ^ rebuffer12/X (sky130_fd_sc_hd__dlymetal6s2s_1)
                                         net44 (net)
                  0.64    0.02    2.74 ^ _263_/A (sky130_fd_sc_hd__buf_8)
    10    0.13    0.22    0.31    3.05 ^ _263_/X (sky130_fd_sc_hd__buf_8)
                                         _193_ (net)
                  0.22    0.02    3.07 ^ _282_/C (sky130_fd_sc_hd__and4_2)
     3    0.05    0.25    0.44    3.52 ^ _282_/X (sky130_fd_sc_hd__and4_2)
                                         _212_ (net)
                  0.25    0.01    3.52 ^ _284_/A_N (sky130_fd_sc_hd__and3b_1)
     1    0.02    0.11    0.29    3.82 v _284_/X (sky130_fd_sc_hd__and3b_1)
                                         _214_ (net)
                  0.11    0.00    3.82 v _285_/B1 (sky130_fd_sc_hd__a31o_2)
     1    0.04    0.11    0.34    4.16 v _285_/X (sky130_fd_sc_hd__a31o_2)
                                         _215_ (net)
                  0.11    0.01    4.16 v _286_/B1 (sky130_fd_sc_hd__a211o_2)
     1    0.05    0.15    0.47    4.63 v _286_/X (sky130_fd_sc_hd__a211o_2)
                                         _216_ (net)
                  0.16    0.01    4.65 v _287_/B2 (sky130_fd_sc_hd__o2bb2a_2)
     7    0.07    0.20    0.46    5.10 v _287_/X (sky130_fd_sc_hd__o2bb2a_2)
                                         net21 (net)
                  0.21    0.03    5.13 v output21/A (sky130_fd_sc_hd__buf_2)
     1    0.03    0.09    0.26    5.40 v output21/X (sky130_fd_sc_hd__buf_2)
                                         out[1] (net)
                  0.09    0.00    5.40 v out[1] (out)
                                  5.40   data arrival time

                  0.00   10.00   10.00   clock __VIRTUAL_CLK__ (rise edge)
                          0.00   10.00   clock network delay (ideal)
                         -0.25    9.75   clock uncertainty
                          0.00    9.75   clock reconvergence pessimism
                         -2.00    7.75   output external delay
                                  7.75   data required time
-----------------------------------------------------------------------------
                                  7.75   data required time
                                 -5.40   data arrival time
-----------------------------------------------------------------------------
                                  2.35   slack (MET)


Startpoint: opcode[0] (input port clocked by __VIRTUAL_CLK__)
Endpoint: out[0] (output port clocked by __VIRTUAL_CLK__)
Path Group: __VIRTUAL_CLK__
Path Type: max
Corner: Typical

Fanout     Cap    Slew   Delay    Time   Description
-----------------------------------------------------------------------------
                  0.00    0.00    0.00   clock __VIRTUAL_CLK__ (rise edge)
                          0.00    0.00   clock network delay (ideal)
                          2.00    2.00 v input external delay
     1    0.00    0.01    0.01    2.01 v opcode[0] (in)
                                         opcode[0] (net)
                  0.01    0.00    2.01 v input17/A (sky130_fd_sc_hd__clkbuf_8)
     6    0.12    0.13    0.21    2.22 v input17/X (sky130_fd_sc_hd__clkbuf_8)
                                         net17 (net)
                  0.14    0.02    2.24 v _249_/A (sky130_fd_sc_hd__or2_4)
     5    0.13    0.20    0.45    2.68 v _249_/X (sky130_fd_sc_hd__or2_4)
                                         _180_ (net)
                  0.20    0.03    2.72 v _258_/B (sky130_fd_sc_hd__nor2_8)
     9    0.14    0.50    0.47    3.18 ^ _258_/Y (sky130_fd_sc_hd__nor2_8)
                                         _189_ (net)
                  0.50    0.01    3.19 ^ _260_/A1 (sky130_fd_sc_hd__o211a_4)
     2    0.09    0.27    0.43    3.62 ^ _260_/X (sky130_fd_sc_hd__o211a_4)
                                         _191_ (net)
                  0.27    0.01    3.64 ^ _261_/B1 (sky130_fd_sc_hd__a31o_2)
     1    0.06    0.36    0.40    4.04 ^ _261_/X (sky130_fd_sc_hd__a31o_2)
                                         _192_ (net)
                  0.36    0.01    4.05 ^ _262_/B2 (sky130_fd_sc_hd__a2bb2o_2)
     2    0.04    0.23    0.41    4.45 ^ _262_/X (sky130_fd_sc_hd__a2bb2o_2)
                                         net20 (net)
                  0.24    0.01    4.46 ^ output20/A (sky130_fd_sc_hd__buf_2)
     1    0.03    0.17    0.27    4.73 ^ output20/X (sky130_fd_sc_hd__buf_2)
                                         out[0] (net)
                  0.17    0.00    4.73 ^ out[0] (out)
                                  4.73   data arrival time

                  0.00   10.00   10.00   clock __VIRTUAL_CLK__ (rise edge)
                          0.00   10.00   clock network delay (ideal)
                         -0.25    9.75   clock uncertainty
                          0.00    9.75   clock reconvergence pessimism
                         -2.00    7.75   output external delay
                                  7.75   data required time
-----------------------------------------------------------------------------
                                  7.75   data required time
                                 -4.73   data arrival time
-----------------------------------------------------------------------------
                                  3.02   slack (MET)



worst slack corner Typical: 0.7138
